Archive member included to satisfy reference by file (symbol)

c:/st/stm32cubeide_1.7.0/stm32cubeide/plugins/com.st.stm32cube.ide.mcu.externaltools.gnu-tools-for-stm32.9-2020-q2-update.win32_2.0.0.202105311346/tools/bin/../lib/gcc/arm-none-eabi/9.3.1/../../../../arm-none-eabi/lib/thumb/v7e-m+fp/hard\libc_nano.a(lib_a-errno.o)
                              ./Core/Src/syscalls.o (__errno)
c:/st/stm32cubeide_1.7.0/stm32cubeide/plugins/com.st.stm32cube.ide.mcu.externaltools.gnu-tools-for-stm32.9-2020-q2-update.win32_2.0.0.202105311346/tools/bin/../lib/gcc/arm-none-eabi/9.3.1/../../../../arm-none-eabi/lib/thumb/v7e-m+fp/hard\libc_nano.a(lib_a-exit.o)
                              c:/st/stm32cubeide_1.7.0/stm32cubeide/plugins/com.st.stm32cube.ide.mcu.externaltools.gnu-tools-for-stm32.9-2020-q2-update.win32_2.0.0.202105311346/tools/bin/../lib/gcc/arm-none-eabi/9.3.1/../../../../arm-none-eabi/lib/thumb/v7e-m+fp/hard/crt0.o (exit)
c:/st/stm32cubeide_1.7.0/stm32cubeide/plugins/com.st.stm32cube.ide.mcu.externaltools.gnu-tools-for-stm32.9-2020-q2-update.win32_2.0.0.202105311346/tools/bin/../lib/gcc/arm-none-eabi/9.3.1/../../../../arm-none-eabi/lib/thumb/v7e-m+fp/hard\libc_nano.a(lib_a-impure.o)
                              c:/st/stm32cubeide_1.7.0/stm32cubeide/plugins/com.st.stm32cube.ide.mcu.externaltools.gnu-tools-for-stm32.9-2020-q2-update.win32_2.0.0.202105311346/tools/bin/../lib/gcc/arm-none-eabi/9.3.1/../../../../arm-none-eabi/lib/thumb/v7e-m+fp/hard\libc_nano.a(lib_a-exit.o) (_global_impure_ptr)
c:/st/stm32cubeide_1.7.0/stm32cubeide/plugins/com.st.stm32cube.ide.mcu.externaltools.gnu-tools-for-stm32.9-2020-q2-update.win32_2.0.0.202105311346/tools/bin/../lib/gcc/arm-none-eabi/9.3.1/../../../../arm-none-eabi/lib/thumb/v7e-m+fp/hard\libc_nano.a(lib_a-init.o)
                              c:/st/stm32cubeide_1.7.0/stm32cubeide/plugins/com.st.stm32cube.ide.mcu.externaltools.gnu-tools-for-stm32.9-2020-q2-update.win32_2.0.0.202105311346/tools/bin/../lib/gcc/arm-none-eabi/9.3.1/../../../../arm-none-eabi/lib/thumb/v7e-m+fp/hard/crt0.o (__libc_init_array)
c:/st/stm32cubeide_1.7.0/stm32cubeide/plugins/com.st.stm32cube.ide.mcu.externaltools.gnu-tools-for-stm32.9-2020-q2-update.win32_2.0.0.202105311346/tools/bin/../lib/gcc/arm-none-eabi/9.3.1/../../../../arm-none-eabi/lib/thumb/v7e-m+fp/hard\libc_nano.a(lib_a-memset.o)
                              c:/st/stm32cubeide_1.7.0/stm32cubeide/plugins/com.st.stm32cube.ide.mcu.externaltools.gnu-tools-for-stm32.9-2020-q2-update.win32_2.0.0.202105311346/tools/bin/../lib/gcc/arm-none-eabi/9.3.1/../../../../arm-none-eabi/lib/thumb/v7e-m+fp/hard/crt0.o (memset)
c:/st/stm32cubeide_1.7.0/stm32cubeide/plugins/com.st.stm32cube.ide.mcu.externaltools.gnu-tools-for-stm32.9-2020-q2-update.win32_2.0.0.202105311346/tools/bin/../lib/gcc/arm-none-eabi/9.3.1/../../../../arm-none-eabi/lib/thumb/v7e-m+fp/hard\libc_nano.a(lib_a-rand.o)
                              ./Core/Src/main.o (srand)
c:/st/stm32cubeide_1.7.0/stm32cubeide/plugins/com.st.stm32cube.ide.mcu.externaltools.gnu-tools-for-stm32.9-2020-q2-update.win32_2.0.0.202105311346/tools/bin/../lib/gcc/arm-none-eabi/9.3.1/../../../../arm-none-eabi/lib/thumb/v7e-m+fp/hard\libc_nano.a(lib_a-strlen.o)
                              ./Core/Src/lcd.o (strlen)
c:/st/stm32cubeide_1.7.0/stm32cubeide/plugins/com.st.stm32cube.ide.mcu.externaltools.gnu-tools-for-stm32.9-2020-q2-update.win32_2.0.0.202105311346/tools/bin/../lib/gcc/arm-none-eabi/9.3.1/../../../../arm-none-eabi/lib/thumb/v7e-m+fp/hard\libc_nano.a(lib_a-time.o)
                              ./Core/Src/main.o (time)
c:/st/stm32cubeide_1.7.0/stm32cubeide/plugins/com.st.stm32cube.ide.mcu.externaltools.gnu-tools-for-stm32.9-2020-q2-update.win32_2.0.0.202105311346/tools/bin/../lib/gcc/arm-none-eabi/9.3.1/../../../../arm-none-eabi/lib/thumb/v7e-m+fp/hard\libc_nano.a(lib_a-assert.o)
                              c:/st/stm32cubeide_1.7.0/stm32cubeide/plugins/com.st.stm32cube.ide.mcu.externaltools.gnu-tools-for-stm32.9-2020-q2-update.win32_2.0.0.202105311346/tools/bin/../lib/gcc/arm-none-eabi/9.3.1/../../../../arm-none-eabi/lib/thumb/v7e-m+fp/hard\libc_nano.a(lib_a-rand.o) (__assert_func)
c:/st/stm32cubeide_1.7.0/stm32cubeide/plugins/com.st.stm32cube.ide.mcu.externaltools.gnu-tools-for-stm32.9-2020-q2-update.win32_2.0.0.202105311346/tools/bin/../lib/gcc/arm-none-eabi/9.3.1/../../../../arm-none-eabi/lib/thumb/v7e-m+fp/hard\libc_nano.a(lib_a-fprintf.o)
                              c:/st/stm32cubeide_1.7.0/stm32cubeide/plugins/com.st.stm32cube.ide.mcu.externaltools.gnu-tools-for-stm32.9-2020-q2-update.win32_2.0.0.202105311346/tools/bin/../lib/gcc/arm-none-eabi/9.3.1/../../../../arm-none-eabi/lib/thumb/v7e-m+fp/hard\libc_nano.a(lib_a-assert.o) (fiprintf)
[...]
Memory Configuration

Name             Origin             Length             Attributes
CCMRAM           0x0000000010000000 0x0000000000010000 xrw
RAM              0x0000000020000000 0x0000000000020000 xrw
FLASH            0x0000000008000000 0x0000000000100000 xr
*default*        0x0000000000000000 0xffffffffffffffff

Linker script and memory map

LOAD c:/st/stm32cubeide_1.7.0/stm32cubeide/plugins/com.st.stm32cube.ide.mcu.externaltools.gnu-tools-for-stm32.9-2020-q2-update.win32_2.0.0.202105311346/tools/bin/../lib/gcc/arm-none-eabi/9.3.1/thumb/v7e-m+fp/hard/crti.o
LOAD c:/st/stm32cubeide_1.7.0/stm32cubeide/plugins/com.st.stm32cube.ide.mcu.externaltools.gnu-tools-for-stm32.9-2020-q2-update.win32_2.0.0.202105311346/tools/bin/../lib/gcc/arm-none-eabi/9.3.1/thumb/v7e-m+fp/hard/crtbegin.o
LOAD c:/st/stm32cubeide_1.7.0/stm32cubeide/plugins/com.st.stm32cube.ide.mcu.externaltools.gnu-tools-for-stm32.9-2020-q2-update.win32_2.0.0.202105311346/tools/bin/../lib/gcc/arm-none-eabi/9.3.1/../../../../arm-none-eabi/lib/thumb/v7e-m+fp/hard/crt0.o
LOAD ./Core/Src/adc.o
LOAD ./Core/Src/at24c.o
LOAD ./Core/Src/button.o
LOAD ./Core/Src/buzzer.o
LOAD ./Core/Src/dma.o
LOAD ./Core/Src/ds3231.o
LOAD ./Core/Src/fsmc.o
LOAD ./Core/Src/gpio.o
LOAD ./Core/Src/i2c.o
LOAD ./Core/Src/lcd.o
LOAD ./Core/Src/led_7seg.o
LOAD ./Core/Src/main.o
LOAD ./Core/Src/picture.o
LOAD ./Core/Src/sensor.o
LOAD ./Core/Src/software_timer.o
LOAD ./Core/Src/spi.o
LOAD ./Core/Src/stm32f4xx_hal_msp.o
LOAD ./Core/Src/stm32f4xx_it.o
LOAD ./Core/Src/syscalls.o
LOAD ./Core/Src/sysmem.o
LOAD ./Core/Src/system_stm32f4xx.o
LOAD ./Core/Src/tim.o
LOAD ./Core/Src/touch.o
LOAD ./Core/Src/utils.o
LOAD ./Core/Startup/startup_stm32f407zetx.o
LOAD ./Drivers/STM32F4xx_HAL_Driver/Src/stm32f4xx_hal.o
LOAD ./Drivers/STM32F4xx_HAL_Driver/Src/stm32f4xx_hal_adc.o
LOAD ./Drivers/STM32F4xx_HAL_Driver/Src/stm32f4xx_hal_adc_ex.o
LOAD ./Drivers/STM32F4xx_HAL_Driver/Src/stm32f4xx_hal_cortex.o
LOAD ./Drivers/STM32F4xx_HAL_Driver/Src/stm32f4xx_hal_dma.o
LOAD ./Drivers/STM32F4xx_HAL_Driver/Src/stm32f4xx_hal_dma_ex.o
LOAD ./Drivers/STM32F4xx_HAL_Driver/Src/stm32f4xx_hal_exti.o
LOAD ./Drivers/STM32F4xx_HAL_Driver/Src/stm32f4xx_hal_flash.o
LOAD ./Drivers/STM32F4xx_HAL_Driver/Src/stm32f4xx_hal_flash_ex.o
LOAD ./Drivers/STM32F4xx_HAL_Driver/Src/stm32f4xx_hal_flash_ramfunc.o
LOAD ./Drivers/STM32F4xx_HAL_Driver/Src/stm32f4xx_hal_gpio.o
LOAD ./Drivers/STM32F4xx_HAL_Driver/Src/stm32f4xx_hal_i2c.o
LOAD ./Drivers/STM32F4xx_HAL_Driver/Src/stm32f4xx_hal_i2c_ex.o
LOAD ./Drivers/STM32F4xx_HAL_Driver/Src/stm32f4xx_hal_pwr.o
LOAD ./Drivers/STM32F4xx_HAL_Driver/Src/stm32f4xx_hal_pwr_ex.o
LOAD ./Drivers/STM32F4xx_HAL_Driver/Src/stm32f4xx_hal_rcc.o
LOAD ./Drivers/STM32F4xx_HAL_Driver/Src/stm32f4xx_hal_rcc_ex.o
LOAD ./Drivers/STM32F4xx_HAL_Driver/Src/stm32f4xx_hal_spi.o
LOAD ./Drivers/STM32F4xx_HAL_Driver/Src/stm32f4xx_hal_sram.o
LOAD ./Drivers/STM32F4xx_HAL_Driver/Src/stm32f4xx_hal_tim.o
LOAD ./Drivers/STM32F4xx_HAL_Driver/Src/stm32f4xx_hal_tim_ex.o
LOAD ./Drivers/STM32F4xx_HAL_Driver/Src/stm32f4xx_ll_adc.o
LOAD ./Drivers/STM32F4xx_HAL_Driver/Src/stm32f4xx_ll_fsmc.o
START GROUP
LOAD c:/st/stm32cubeide_1.7.0/stm32cubeide/plugins/com.st.stm32cube.ide.mcu.externaltools.gnu-tools-for-stm32.9-2020-q2-update.win32_2.0.0.202105311346/tools/bin/../lib/gcc/arm-none-eabi/9.3.1/../../../../arm-none-eabi/lib/thumb/v7e-m+fp/hard\libc_nano.a
LOAD c:/st/stm32cubeide_1.7.0/stm32cubeide/plugins/com.st.stm32cube.ide.mcu.externaltools.gnu-tools-for-stm32.9-2020-q2-update.win32_2.0.0.202105311346/tools/bin/../lib/gcc/arm-none-eabi/9.3.1/../../../../arm-none-eabi/lib/thumb/v7e-m+fp/hard\libm.a
END GROUP
START GROUP
LOAD c:/st/stm32cubeide_1.7.0/stm32cubeide/plugins/com.st.stm32cube.ide.mcu.externaltools.gnu-tools-for-stm32.9-2020-q2-update.win32_2.0.0.202105311346/tools/bin/../lib/gcc/arm-none-eabi/9.3.1/thumb/v7e-m+fp/hard\libgcc.a
LOAD c:/st/stm32cubeide_1.7.0/stm32cubeide/plugins/com.st.stm32cube.ide.mcu.externaltools.gnu-tools-for-stm32.9-2020-q2-update.win32_2.0.0.202105311346/tools/bin/../lib/gcc/arm-none-eabi/9.3.1/../../../../arm-none-eabi/lib/thumb/v7e-m+fp/hard\libc_nano.a
END GROUP
START GROUP
LOAD c:/st/stm32cubeide_1.7.0/stm32cubeide/plugins/com.st.stm32cube.ide.mcu.externaltools.gnu-tools-for-stm32.9-2020-q2-update.win32_2.0.0.202105311346/tools/bin/../lib/gcc/arm-none-eabi/9.3.1/thumb/v7e-m+fp/hard\libgcc.a
LOAD c:/st/stm32cubeide_1.7.0/stm32cubeide/plugins/com.st.stm32cube.ide.mcu.externaltools.gnu-tools-for-stm32.9-2020-q2-update.win32_2.0.0.202105311346/tools/bin/../lib/gcc/arm-none-eabi/9.3.1/../../../../arm-none-eabi/lib/thumb/v7e-m+fp/hard\libc_nano.a
LOAD c:/st/stm32cubeide_1.7.0/stm32cubeide/plugins/com.st.stm32cube.ide.mcu.externaltools.gnu-tools-for-stm32.9-2020-q2-update.win32_2.0.0.202105311346/tools/bin/../lib/gcc/arm-none-eabi/9.3.1/../../../../arm-none-eabi/lib/thumb/v7e-m+fp/hard\libnosys.a
END GROUP
START GROUP
LOAD c:/st/stm32cubeide_1.7.0/stm32cubeide/plugins/com.st.stm32cube.ide.mcu.externaltools.gnu-tools-for-stm32.9-2020-q2-update.win32_2.0.0.202105311346/tools/bin/../lib/gcc/arm-none-eabi/9.3.1/thumb/v7e-m+fp/hard\libgcc.a
LOAD c:/st/stm32cubeide_1.7.0/stm32cubeide/plugins/com.st.stm32cube.ide.mcu.externaltools.gnu-tools-for-stm32.9-2020-q2-update.win32_2.0.0.202105311346/tools/bin/../lib/gcc/arm-none-eabi/9.3.1/../../../../arm-none-eabi/lib/thumb/v7e-m+fp/hard\libc_nano.a
LOAD c:/st/stm32cubeide_1.7.0/stm32cubeide/plugins/com.st.stm32cube.ide.mcu.externaltools.gnu-tools-for-stm32.9-2020-q2-update.win32_2.0.0.202105311346/tools/bin/../lib/gcc/arm-none-eabi/9.3.1/../../../../arm-none-eabi/lib/thumb/v7e-m+fp/hard\libnosys.a
END GROUP
LOAD c:/st/stm32cubeide_1.7.0/stm32cubeide/plugins/com.st.stm32cube.ide.mcu.externaltools.gnu-tools-for-stm32.9-2020-q2-update.win32_2.0.0.202105311346/tools/bin/../lib/gcc/arm-none-eabi/9.3.1/thumb/v7e-m+fp/hard/crtend.o
LOAD c:/st/stm32cubeide_1.7.0/stm32cubeide/plugins/com.st.stm32cube.ide.mcu.externaltools.gnu-tools-for-stm32.9-2020-q2-update.win32_2.0.0.202105311346/tools/bin/../lib/gcc/arm-none-eabi/9.3.1/thumb/v7e-m+fp/hard/crtn.o
                0x0000000020020000                _estack = (ORIGIN (RAM) + LENGTH (RAM))
                0x0000000000000200                _Min_Heap_Size = 0x200
                0x0000000000000400                _Min_Stack_Size = 0x400

.isr_vector     0x0000000008000000      0x188
                0x0000000008000000                . = ALIGN (0x4)
 *(.isr_vector)
 .isr_vector    0x0000000008000000      0x188 ./Core/Startup/startup_stm32f407zetx.o
                0x0000000008000000                g_pfnVectors
                0x0000000008000188                . = ALIGN (0x4)

.text           0x0000000008000190     0x9404
                0x0000000008000190                . = ALIGN (0x4)
 *(.text)
 .text          0x0000000008000190       0x40 c:/st/stm32cubeide_1.7.0/stm32cubeide/plugins/com.st.stm32cube.ide.mcu.externaltools.gnu-tools-for-stm32.9-2020-q2-update.win32_2.0.0.202105311346/tools/bin/../lib/gcc/arm-none-eabi/9.3.1/thumb/v7e-m+fp/hard/crtbegin.o
 .text          0x00000000080001d0       0xa0 c:/st/stm32cubeide_1.7.0/stm32cubeide/plugins/com.st.stm32cube.ide.mcu.externaltools.gnu-tools-for-stm32.9-2020-q2-update.win32_2.0.0.202105311346/tools/bin/../lib/gcc/arm-none-eabi/9.3.1/../../../../arm-none-eabi/lib/thumb/v7e-m+fp/hard\libc_nano.a(lib_a-memchr.o)
                0x00000000080001d0                memchr
 .text          0x0000000008000270      0x378 c:/st/stm32cubeide_1.7.0/stm32cubeide/plugins/com.st.stm32cube.ide.mcu.externaltools.gnu-tools-for-stm32.9-2020-q2-update.win32_2.0.0.202105311346/tools/bin/../lib/gcc/arm-none-eabi/9.3.1/thumb/v7e-m+fp/hard\libgcc.a(_arm_addsubdf3.o)
                0x0000000008000270                __aeabi_drsub
                0x0000000008000278                __aeabi_dsub
                0x0000000008000278                __subdf3
                0x000000000800027c                __aeabi_dadd
                0x000000000800027c                __adddf3
                0x00000000080004f4                __floatunsidf
                0x00000000080004f4                __aeabi_ui2d
                0x0000000008000514                __floatsidf
                0x0000000008000514                __aeabi_i2d
                0x0000000008000538                __aeabi_f2d
                0x0000000008000538                __extendsfdf2
                0x000000000800057c                __floatundidf
                0x000000000800057c                __aeabi_ul2d
                0x000000000800058c                __floatdidf
                0x000000000800058c                __aeabi_l2d
 .text          0x00000000080005e8      0x424 c:/st/stm32cubeide_1.7.0/stm32cubeide/plugins/com.st.stm32cube.ide.mcu.externaltools.gnu-tools-for-stm32.9-2020-q2-update.win32_2.0.0.202105311346/tools/bin/../lib/gcc/arm-none-eabi/9.3.1/thumb/v7e-m+fp/hard\libgcc.a(_arm_muldivdf3.o)
                0x00000000080005e8                __aeabi_dmul
                0x00000000080005e8                __muldf3
                0x000000000800083c                __divdf3
                0x000000000800083c                __aeabi_ddiv
 .text          0x0000000008000a0c      0x110 c:/st/stm32cubeide_1.7.0/stm32cubeide/plugins/com.st.stm32cube.ide.mcu.externaltools.gnu-tools-for-stm32.9-2020-q2-update.win32_2.0.0.202105311346/tools/bin/../lib/gcc/arm-none-eabi/9.3.1/thumb/v7e-m+fp/hard\libgcc.a(_arm_cmpdf2.o)
                0x0000000008000a0c                __gtdf2
                0x0000000008000a0c                __gedf2
                0x0000000008000a14                __ltdf2
                0x0000000008000a14                __ledf2
                0x0000000008000a1c                __nedf2
                0x0000000008000a1c                __eqdf2
                0x0000000008000a1c                __cmpdf2
                0x0000000008000a98                __aeabi_cdrcmple
                0x0000000008000aa8                __aeabi_cdcmpeq
                0x0000000008000aa8                __aeabi_cdcmple
                0x0000000008000ab8                __aeabi_dcmpeq
                0x0000000008000acc                __aeabi_dcmplt
                0x0000000008000ae0                __aeabi_dcmple
                0x0000000008000af4                __aeabi_dcmpge
                0x0000000008000b08                __aeabi_dcmpgt
 .text          0x0000000008000b1c       0x2c c:/st/stm32cubeide_1.7.0/stm32cubeide/plugins/com.st.stm32cube.ide.mcu.externaltools.gnu-tools-for-stm32.9-2020-q2-update.win32_2.0.0.202105311346/tools/bin/../lib/gcc/arm-none-eabi/9.3.1/thumb/v7e-m+fp/hard\libgcc.a(_arm_unorddf2.o)
                0x0000000008000b1c                __unorddf2
                0x0000000008000b1c                __aeabi_dcmpun
 .text          0x0000000008000b48       0x40 c:/st/stm32cubeide_1.7.0/stm32cubeide/plugins/com.st.stm32cube.ide.mcu.externaltools.gnu-tools-for-stm32.9-2020-q2-update.win32_2.0.0.202105311346/tools/bin/../lib/gcc/arm-none-eabi/9.3.1/thumb/v7e-m+fp/hard\libgcc.a(_arm_fixunsdfsi.o)
                0x0000000008000b48                __aeabi_d2uiz
                0x0000000008000b48                __fixunsdfsi
 .text          0x0000000008000b88       0x30 c:/st/stm32cubeide_1.7.0/stm32cubeide/plugins/com.st.stm32cube.ide.mcu.externaltools.gnu-tools-for-stm32.9-2020-q2-update.win32_2.0.0.202105311346/tools/bin/../lib/gcc/arm-none-eabi/9.3.1/thumb/v7e-m+fp/hard\libgcc.a(_aeabi_uldivmod.o)
                0x0000000008000b88                __aeabi_uldivmod
 .text          0x0000000008000bb8      0x2c4 c:/st/stm32cubeide_1.7.0/stm32cubeide/plugins/com.st.stm32cube.ide.mcu.externaltools.gnu-tools-for-stm32.9-2020-q2-update.win32_2.0.0.202105311346/tools/bin/../lib/gcc/arm-none-eabi/9.3.1/thumb/v7e-m+fp/hard\libgcc.a(_udivmoddi4.o)
                0x0000000008000bb8                __udivmoddi4
 .text          0x0000000008000e7c        0x4 c:/st/stm32cubeide_1.7.0/stm32cubeide/plugins/com.st.stm32cube.ide.mcu.externaltools.gnu-tools-for-stm32.9-2020-q2-update.win32_2.0.0.202105311346/tools/bin/../lib/gcc/arm-none-eabi/9.3.1/thumb/v7e-m+fp/hard\libgcc.a(_dvmd_tls.o)
                0x0000000008000e7c                __aeabi_idiv0
                0x0000000008000e7c                __aeabi_ldiv0
 *(.text*)
 .text.MX_ADC1_Init
                0x0000000008000e80      0x114 ./Core/Src/adc.o
                0x0000000008000e80                MX_ADC1_Init
 .text.HAL_ADC_MspInit
                0x0000000008000f94      0x128 ./Core/Src/adc.o
                0x0000000008000f94                HAL_ADC_MspInit
 .text.at24c_init
                0x00000000080010bc        0xc ./Core/Src/at24c.o
                0x00000000080010bc                at24c_init
 .text.at24c_ReadOneByte
                0x00000000080010c8       0x38 ./Core/Src/at24c.o
                0x00000000080010c8                at24c_ReadOneByte
 .text.at24c_WriteOneByte
                0x0000000008001100       0x3c ./Core/Src/at24c.o
                0x0000000008001100                at24c_WriteOneByte
 .text.at24c_Check
                0x000000000800113c       0x46 ./Core/Src/at24c.o
 .text.at24c_Read
                0x0000000008001182       0x3e ./Core/Src/at24c.o
                0x0000000008001182                at24c_Read
 .text.at24c_Write
                0x00000000080011c0       0x40 ./Core/Src/at24c.o
                0x00000000080011c0                at24c_Write
 .text.button_init
                0x0000000008001200       0x18 ./Core/Src/button.o
                0x0000000008001200                button_init
 .text.MX_DMA_Init
                0x0000000008001218       0x40 ./Core/Src/dma.o
                0x0000000008001218                MX_DMA_Init
 .text.MX_FSMC_Init
                0x0000000008001258       0xf4 ./Core/Src/fsmc.o
                0x0000000008001258                MX_FSMC_Init
 .text.HAL_FSMC_MspInit
                0x000000000800134c       0x98 ./Core/Src/fsmc.o
 .text.HAL_SRAM_MspInit
                0x00000000080013e4       0x14 ./Core/Src/fsmc.o
                0x00000000080013e4                HAL_SRAM_MspInit
 .text.MX_GPIO_Init
                0x00000000080013f8      0x22c ./Core/Src/gpio.o
                0x00000000080013f8                MX_GPIO_Init
 .text.MX_I2C1_Init
                0x0000000008001624       0x5c ./Core/Src/i2c.o
                0x0000000008001624                MX_I2C1_Init
 .text.HAL_I2C_MspInit
                0x0000000008001680       0x90 ./Core/Src/i2c.o
                0x0000000008001680                HAL_I2C_MspInit
 .text.LCD_WR_REG
                0x0000000008001710       0x20 ./Core/Src/lcd.o
                0x0000000008001710                LCD_WR_REG
 .text.LCD_WR_DATA
                0x0000000008001730       0x20 ./Core/Src/lcd.o
 .text.LCD_RD_DATA
                0x0000000008001750       0x24 ./Core/Src/lcd.o
 .text.lcd_AddressSet
                0x0000000008001774       0x98 ./Core/Src/lcd.o
                0x0000000008001774                lcd_AddressSet
 .text.lcd_Clear
                0x000000000800180c       0x64 ./Core/Src/lcd.o
                0x000000000800180c                lcd_Clear
 .text.lcd_Fill
                0x0000000008001870       0x6c ./Core/Src/lcd.o
                0x0000000008001870                lcd_Fill
 .text.lcd_DrawPoint
                0x00000000080018dc       0x2e ./Core/Src/lcd.o
                0x00000000080018dc                lcd_DrawPoint
 .text.lcd_DrawLine
                0x000000000800190a      0x108 ./Core/Src/lcd.o
                0x000000000800190a                lcd_DrawLine
 .text.lcd_DrawRectangle
                0x0000000008001a12       0x6e ./Core/Src/lcd.o
                0x0000000008001a12                lcd_DrawRectangle
 .text.lcd_ShowChar
                0x0000000008001a80      0x1a0 ./Core/Src/lcd.o
                0x0000000008001a80                lcd_ShowChar
 .text.lcd_SetDir
                0x0000000008001c20       0x48 ./Core/Src/lcd.o
                0x0000000008001c20                lcd_SetDir
 .text.lcd_init
                0x0000000008001c68      0x2c0 ./Core/Src/lcd.o
                0x0000000008001c68                lcd_init
 .text._draw_circle_8
                0x0000000008001f28      0x116 ./Core/Src/lcd.o
 .text.lcd_DrawCircle
                0x000000000800203e       0xd8 ./Core/Src/lcd.o
                0x000000000800203e                lcd_DrawCircle
 *fill*         0x0000000008002116        0x2 
 .text.lcd_ShowStr
                0x0000000008002118       0xc8 ./Core/Src/lcd.o
                0x0000000008002118                lcd_ShowStr
 .text.lcd_ShowSnake
                0x00000000080021e0       0xa0 ./Core/Src/lcd.o
                0x00000000080021e0                lcd_ShowSnake
 .text.led7_Scan
                0x0000000008002280      0x118 ./Core/Src/led_7seg.o
                0x0000000008002280                led7_Scan
 .text.main     0x0000000008002398       0x70 ./Core/Src/main.o
                0x0000000008002398                main
 .text.SystemClock_Config
                0x0000000008002408       0xd4 ./Core/Src/main.o
                0x0000000008002408                SystemClock_Config
 .text.system_init
                0x00000000080024dc       0x1e ./Core/Src/main.o
                0x00000000080024dc                system_init
 *fill*         0x00000000080024fa        0x2 
 .text.snakeRun
                0x00000000080024fc      0x228 ./Core/Src/main.o
                0x00000000080024fc                snakeRun
 .text.isButtonStart
                0x0000000008002724       0x46 ./Core/Src/main.o
                0x0000000008002724                isButtonStart
 .text.isButtonUp
                0x000000000800276a       0x4a ./Core/Src/main.o
                0x000000000800276a                isButtonUp
 .text.isButtonDown
                0x00000000080027b4       0x4a ./Core/Src/main.o
                0x00000000080027b4                isButtonDown
 .text.isButtonLeft
                0x00000000080027fe       0x4a ./Core/Src/main.o
                0x00000000080027fe                isButtonLeft
 .text.isButtonRight
                0x0000000008002848       0x4a ./Core/Src/main.o
                0x0000000008002848                isButtonRight
 *fill*         0x0000000008002892        0x2 
 .text.runSnake
                0x0000000008002894      0x21c ./Core/Src/main.o
                0x0000000008002894                runSnake
 .text.displayFruit
                0x0000000008002ab0       0x40 ./Core/Src/main.o
                0x0000000008002ab0                displayFruit
 .text.logicCheck
                0x0000000008002af0       0xa0 ./Core/Src/main.o
                0x0000000008002af0                logicCheck
 .text.displayPlayingArea
                0x0000000008002b90       0xf8 ./Core/Src/main.o
                0x0000000008002b90                displayPlayingArea
 .text.displaySnake
                0x0000000008002c88       0x14 ./Core/Src/main.o
                0x0000000008002c88                displaySnake
 .text.Error_Handler
                0x0000000008002c9c        0xa ./Core/Src/main.o
                0x0000000008002c9c                Error_Handler
 *fill*         0x0000000008002ca6        0x2 
 .text.timer_init
                0x0000000008002ca8       0x1c ./Core/Src/software_timer.o
                0x0000000008002ca8                timer_init
 .text.setTimer2
                0x0000000008002cc4       0x38 ./Core/Src/software_timer.o
                0x0000000008002cc4                setTimer2
 .text.HAL_TIM_PeriodElapsedCallback
                0x0000000008002cfc       0x54 ./Core/Src/software_timer.o
                0x0000000008002cfc                HAL_TIM_PeriodElapsedCallback
 .text.delay_us
                0x0000000008002d50       0x34 ./Core/Src/software_timer.o
                0x0000000008002d50                delay_us
 .text.MX_SPI1_Init
                0x0000000008002d84       0x6c ./Core/Src/spi.o
                0x0000000008002d84                MX_SPI1_Init
 .text.HAL_SPI_MspInit
                0x0000000008002df0       0x90 ./Core/Src/spi.o
                0x0000000008002df0                HAL_SPI_MspInit
 .text.HAL_MspInit
                0x0000000008002e80       0x50 ./Core/Src/stm32f4xx_hal_msp.o
                0x0000000008002e80                HAL_MspInit
 .text.NMI_Handler
                0x0000000008002ed0        0x6 ./Core/Src/stm32f4xx_it.o
                0x0000000008002ed0                NMI_Handler
 .text.HardFault_Handler
                0x0000000008002ed6        0x6 ./Core/Src/stm32f4xx_it.o
                0x0000000008002ed6                HardFault_Handler
 .text.MemManage_Handler
                0x0000000008002edc        0x6 ./Core/Src/stm32f4xx_it.o
                0x0000000008002edc                MemManage_Handler
 .text.BusFault_Handler
                0x0000000008002ee2        0x6 ./Core/Src/stm32f4xx_it.o
                0x0000000008002ee2                BusFault_Handler
 .text.UsageFault_Handler
                0x0000000008002ee8        0x6 ./Core/Src/stm32f4xx_it.o
                0x0000000008002ee8                UsageFault_Handler
 .text.SVC_Handler
                0x0000000008002eee        0xe ./Core/Src/stm32f4xx_it.o
                0x0000000008002eee                SVC_Handler
 .text.DebugMon_Handler
                0x0000000008002efc        0xe ./Core/Src/stm32f4xx_it.o
                0x0000000008002efc                DebugMon_Handler
 .text.PendSV_Handler
                0x0000000008002f0a        0xe ./Core/Src/stm32f4xx_it.o
                0x0000000008002f0a                PendSV_Handler
 .text.SysTick_Handler
                0x0000000008002f18        0xc ./Core/Src/stm32f4xx_it.o
                0x0000000008002f18                SysTick_Handler
 .text.TIM2_IRQHandler
                0x0000000008002f24       0x14 ./Core/Src/stm32f4xx_it.o
                0x0000000008002f24                TIM2_IRQHandler
 .text.DMA2_Stream0_IRQHandler
                0x0000000008002f38       0x14 ./Core/Src/stm32f4xx_it.o
                0x0000000008002f38                DMA2_Stream0_IRQHandler
 .text._getpid  0x0000000008002f4c       0x10 ./Core/Src/syscalls.o
                0x0000000008002f4c                _getpid
 .text._kill    0x0000000008002f5c       0x20 ./Core/Src/syscalls.o
                0x0000000008002f5c                _kill
 .text._exit    0x0000000008002f7c       0x14 ./Core/Src/syscalls.o
                0x0000000008002f7c                _exit
 .text._read    0x0000000008002f90       0x3a ./Core/Src/syscalls.o
                0x0000000008002f90                _read
 .text._write   0x0000000008002fca       0x38 ./Core/Src/syscalls.o
                0x0000000008002fca                _write
 .text._close   0x0000000008003002       0x18 ./Core/Src/syscalls.o
                0x0000000008003002                _close
 .text._fstat   0x000000000800301a       0x20 ./Core/Src/syscalls.o
                0x000000000800301a                _fstat
 .text._isatty  0x000000000800303a       0x16 ./Core/Src/syscalls.o
                0x000000000800303a                _isatty
 .text._lseek   0x0000000008003050       0x1a ./Core/Src/syscalls.o
                0x0000000008003050                _lseek
 *fill*         0x000000000800306a        0x2 
 .text._sbrk    0x000000000800306c       0x6c ./Core/Src/sysmem.o
                0x000000000800306c                _sbrk
 .text.SystemInit
                0x00000000080030d8       0x24 ./Core/Src/system_stm32f4xx.o
                0x00000000080030d8                SystemInit
 .text.MX_TIM1_Init
                0x00000000080030fc       0xa0 ./Core/Src/tim.o
                0x00000000080030fc                MX_TIM1_Init
 .text.MX_TIM2_Init
                0x000000000800319c       0x98 ./Core/Src/tim.o
                0x000000000800319c                MX_TIM2_Init
 .text.MX_TIM13_Init
                0x0000000008003234       0x9c ./Core/Src/tim.o
                0x0000000008003234                MX_TIM13_Init
 .text.HAL_TIM_Base_MspInit
                0x00000000080032d0       0xa4 ./Core/Src/tim.o
                0x00000000080032d0                HAL_TIM_Base_MspInit
 .text.HAL_TIM_MspPostInit
                0x0000000008003374       0x74 ./Core/Src/tim.o
                0x0000000008003374                HAL_TIM_MspPostInit
 .text.TP_Write_Byte
                0x00000000080033e8       0x78 ./Core/Src/touch.o
 .text.TP_Read_AD
                0x0000000008003460       0xe0 ./Core/Src/touch.o
 .text.TP_Read_XOY
                0x0000000008003540      0x104 ./Core/Src/touch.o
 .text.TP_Read_XY
                0x0000000008003644       0x44 ./Core/Src/touch.o
 .text.TP_Read_XY2
                0x0000000008003688       0xc4 ./Core/Src/touch.o
 .text.TP_Drow_Touch_Point
                0x000000000800374c       0xae ./Core/Src/touch.o
 *fill*         0x00000000080037fa        0x2 
 .text.TP_Scan  0x00000000080037fc      0x12c ./Core/Src/touch.o
 .text.TP_Save_Adjdata
                0x0000000008003928       0x20 ./Core/Src/touch.o
 .text.TP_Get_Adjdata
                0x0000000008003948       0x38 ./Core/Src/touch.o
 .text.touch_Adjust
                0x0000000008003980      0x7ac ./Core/Src/touch.o
                0x0000000008003980                touch_Adjust
 .text.touch_init
                0x000000000800412c       0x20 ./Core/Src/touch.o
                0x000000000800412c                touch_init
 .text.touch_Scan
                0x000000000800414c       0x14 ./Core/Src/touch.o
                0x000000000800414c                touch_Scan
 .text.touch_IsTouched
                0x0000000008004160       0x24 ./Core/Src/touch.o
                0x0000000008004160                touch_IsTouched
 .text.touch_GetX
                0x0000000008004184       0x18 ./Core/Src/touch.o
                0x0000000008004184                touch_GetX
 .text.touch_GetY
                0x000000000800419c       0x18 ./Core/Src/touch.o
                0x000000000800419c                touch_GetY
 .text.Reset_Handler
                0x00000000080041b4       0x50 ./Core/Startup/startup_stm32f407zetx.o
                0x00000000080041b4                Reset_Handler
 .text.Default_Handler
                0x0000000008004204        0x2 ./Core/Startup/startup_stm32f407zetx.o
                0x0000000008004204                RTC_Alarm_IRQHandler
                0x0000000008004204                HASH_RNG_IRQHandler
                0x0000000008004204                EXTI2_IRQHandler
                0x0000000008004204                TIM8_CC_IRQHandler
                0x0000000008004204                TIM1_CC_IRQHandler
                0x0000000008004204                DMA2_Stream5_IRQHandler
                0x0000000008004204                DMA1_Stream5_IRQHandler
                0x0000000008004204                PVD_IRQHandler
                0x0000000008004204                SDIO_IRQHandler
                0x0000000008004204                TAMP_STAMP_IRQHandler
                0x0000000008004204                CAN2_RX1_IRQHandler
                0x0000000008004204                EXTI3_IRQHandler
                0x0000000008004204                TIM8_TRG_COM_TIM14_IRQHandler
                0x0000000008004204                TIM1_UP_TIM10_IRQHandler
                0x0000000008004204                TIM8_UP_TIM13_IRQHandler
                0x0000000008004204                I2C3_ER_IRQHandler
                0x0000000008004204                EXTI0_IRQHandler
                0x0000000008004204                I2C2_EV_IRQHandler
                0x0000000008004204                DMA1_Stream2_IRQHandler
                0x0000000008004204                CAN1_RX0_IRQHandler
                0x0000000008004204                FPU_IRQHandler
                0x0000000008004204                OTG_HS_WKUP_IRQHandler
                0x0000000008004204                CAN2_SCE_IRQHandler
                0x0000000008004204                DMA2_Stream2_IRQHandler
                0x0000000008004204                SPI1_IRQHandler
                0x0000000008004204                TIM6_DAC_IRQHandler
                0x0000000008004204                TIM1_BRK_TIM9_IRQHandler
                0x0000000008004204                DCMI_IRQHandler
                0x0000000008004204                CAN2_RX0_IRQHandler
                0x0000000008004204                DMA2_Stream3_IRQHandler
                0x0000000008004204                USART6_IRQHandler
                0x0000000008004204                USART3_IRQHandler
                0x0000000008004204                CAN1_RX1_IRQHandler
                0x0000000008004204                UART5_IRQHandler
                0x0000000008004204                TIM4_IRQHandler
                0x0000000008004204                I2C1_EV_IRQHandler
                0x0000000008004204                DMA1_Stream6_IRQHandler
                0x0000000008004204                DMA1_Stream1_IRQHandler
                0x0000000008004204                UART4_IRQHandler
                0x0000000008004204                TIM3_IRQHandler
                0x0000000008004204                RCC_IRQHandler
                0x0000000008004204                TIM8_BRK_TIM12_IRQHandler
                0x0000000008004204                Default_Handler
                0x0000000008004204                EXTI15_10_IRQHandler
                0x0000000008004204                ADC_IRQHandler
                0x0000000008004204                DMA1_Stream7_IRQHandler
                0x0000000008004204                TIM7_IRQHandler
                0x0000000008004204                CAN2_TX_IRQHandler
                0x0000000008004204                TIM5_IRQHandler
                0x0000000008004204                DMA2_Stream7_IRQHandler
                0x0000000008004204                I2C3_EV_IRQHandler
                0x0000000008004204                EXTI9_5_IRQHandler
                0x0000000008004204                RTC_WKUP_IRQHandler
                0x0000000008004204                ETH_WKUP_IRQHandler
                0x0000000008004204                SPI2_IRQHandler
                0x0000000008004204                OTG_HS_EP1_IN_IRQHandler
                0x0000000008004204                DMA1_Stream0_IRQHandler
                0x0000000008004204                CAN1_TX_IRQHandler
                0x0000000008004204                EXTI4_IRQHandler
                0x0000000008004204                FSMC_IRQHandler
                0x0000000008004204                ETH_IRQHandler
                0x0000000008004204                OTG_HS_EP1_OUT_IRQHandler
                0x0000000008004204                WWDG_IRQHandler
                0x0000000008004204                OTG_FS_WKUP_IRQHandler
                0x0000000008004204                TIM1_TRG_COM_TIM11_IRQHandler
                0x0000000008004204                OTG_HS_IRQHandler
                0x0000000008004204                EXTI1_IRQHandler
                0x0000000008004204                USART2_IRQHandler
                0x0000000008004204                I2C2_ER_IRQHandler
                0x0000000008004204                DMA2_Stream1_IRQHandler
                0x0000000008004204                CAN1_SCE_IRQHandler
                0x0000000008004204                FLASH_IRQHandler
                0x0000000008004204                DMA2_Stream4_IRQHandler
                0x0000000008004204                USART1_IRQHandler
                0x0000000008004204                OTG_FS_IRQHandler
                0x0000000008004204                SPI3_IRQHandler
                0x0000000008004204                DMA1_Stream4_IRQHandler
                0x0000000008004204                I2C1_ER_IRQHandler
                0x0000000008004204                DMA2_Stream6_IRQHandler
                0x0000000008004204                DMA1_Stream3_IRQHandler
 *fill*         0x0000000008004206        0x2 
 .text.HAL_Init
                0x0000000008004208       0x44 ./Drivers/STM32F4xx_HAL_Driver/Src/stm32f4xx_hal.o
                0x0000000008004208                HAL_Init
 .text.HAL_InitTick
                0x000000000800424c       0x60 ./Drivers/STM32F4xx_HAL_Driver/Src/stm32f4xx_hal.o
                0x000000000800424c                HAL_InitTick
 .text.HAL_IncTick
                0x00000000080042ac       0x28 ./Drivers/STM32F4xx_HAL_Driver/Src/stm32f4xx_hal.o
                0x00000000080042ac                HAL_IncTick
 .text.HAL_GetTick
                0x00000000080042d4       0x18 ./Drivers/STM32F4xx_HAL_Driver/Src/stm32f4xx_hal.o
                0x00000000080042d4                HAL_GetTick
 .text.HAL_Delay
                0x00000000080042ec       0x48 ./Drivers/STM32F4xx_HAL_Driver/Src/stm32f4xx_hal.o
                0x00000000080042ec                HAL_Delay
 .text.HAL_ADC_Init
                0x0000000008004334       0x86 ./Drivers/STM32F4xx_HAL_Driver/Src/stm32f4xx_hal_adc.o
                0x0000000008004334                HAL_ADC_Init
 *fill*         0x00000000080043ba        0x2 
 .text.HAL_ADC_ConfigChannel
                0x00000000080043bc      0x244 ./Drivers/STM32F4xx_HAL_Driver/Src/stm32f4xx_hal_adc.o
                0x00000000080043bc                HAL_ADC_ConfigChannel
 .text.ADC_Init
                0x0000000008004600      0x1f8 ./Drivers/STM32F4xx_HAL_Driver/Src/stm32f4xx_hal_adc.o
 .text.__NVIC_SetPriorityGrouping
                0x00000000080047f8       0x48 ./Drivers/STM32F4xx_HAL_Driver/Src/stm32f4xx_hal_cortex.o
 .text.__NVIC_GetPriorityGrouping
                0x0000000008004840       0x1c ./Drivers/STM32F4xx_HAL_Driver/Src/stm32f4xx_hal_cortex.o
 .text.__NVIC_EnableIRQ
                0x000000000800485c       0x3c ./Drivers/STM32F4xx_HAL_Driver/Src/stm32f4xx_hal_cortex.o
 .text.__NVIC_SetPriority
                0x0000000008004898       0x54 ./Drivers/STM32F4xx_HAL_Driver/Src/stm32f4xx_hal_cortex.o
 .text.NVIC_EncodePriority
                0x00000000080048ec       0x66 ./Drivers/STM32F4xx_HAL_Driver/Src/stm32f4xx_hal_cortex.o
 *fill*         0x0000000008004952        0x2 
 .text.SysTick_Config
                0x0000000008004954       0x44 ./Drivers/STM32F4xx_HAL_Driver/Src/stm32f4xx_hal_cortex.o
 .text.HAL_NVIC_SetPriorityGrouping
                0x0000000008004998       0x16 ./Drivers/STM32F4xx_HAL_Driver/Src/stm32f4xx_hal_cortex.o
                0x0000000008004998                HAL_NVIC_SetPriorityGrouping
 .text.HAL_NVIC_SetPriority
                0x00000000080049ae       0x38 ./Drivers/STM32F4xx_HAL_Driver/Src/stm32f4xx_hal_cortex.o
                0x00000000080049ae                HAL_NVIC_SetPriority
 .text.HAL_NVIC_EnableIRQ
                0x00000000080049e6       0x1c ./Drivers/STM32F4xx_HAL_Driver/Src/stm32f4xx_hal_cortex.o
                0x00000000080049e6                HAL_NVIC_EnableIRQ
 .text.HAL_SYSTICK_Config
                0x0000000008004a02       0x18 ./Drivers/STM32F4xx_HAL_Driver/Src/stm32f4xx_hal_cortex.o
                0x0000000008004a02                HAL_SYSTICK_Config
 *fill*         0x0000000008004a1a        0x2 
 .text.HAL_DMA_Init
                0x0000000008004a1c      0x15c ./Drivers/STM32F4xx_HAL_Driver/Src/stm32f4xx_hal_dma.o
                0x0000000008004a1c                HAL_DMA_Init
 .text.HAL_DMA_IRQHandler
                0x0000000008004b78      0x314 ./Drivers/STM32F4xx_HAL_Driver/Src/stm32f4xx_hal_dma.o
                0x0000000008004b78                HAL_DMA_IRQHandler
 .text.DMA_CalcBaseAndBitshift
                0x0000000008004e8c       0x6c ./Drivers/STM32F4xx_HAL_Driver/Src/stm32f4xx_hal_dma.o
 .text.DMA_CheckFifoParam
                0x0000000008004ef8       0xf8 ./Drivers/STM32F4xx_HAL_Driver/Src/stm32f4xx_hal_dma.o
 .text.HAL_GPIO_Init
                0x0000000008004ff0      0x338 ./Drivers/STM32F4xx_HAL_Driver/Src/stm32f4xx_hal_gpio.o
                0x0000000008004ff0                HAL_GPIO_Init
 .text.HAL_GPIO_ReadPin
                0x0000000008005328       0x30 ./Drivers/STM32F4xx_HAL_Driver/Src/stm32f4xx_hal_gpio.o
                0x0000000008005328                HAL_GPIO_ReadPin
 .text.HAL_GPIO_WritePin
                0x0000000008005358       0x32 ./Drivers/STM32F4xx_HAL_Driver/Src/stm32f4xx_hal_gpio.o
                0x0000000008005358                HAL_GPIO_WritePin
 *fill*         0x000000000800538a        0x2 
 .text.HAL_I2C_Init
                0x000000000800538c      0x288 ./Drivers/STM32F4xx_HAL_Driver/Src/stm32f4xx_hal_i2c.o
                0x000000000800538c                HAL_I2C_Init
 .text.HAL_I2C_Mem_Write
                0x0000000008005614      0x1f4 ./Drivers/STM32F4xx_HAL_Driver/Src/stm32f4xx_hal_i2c.o
                0x0000000008005614                HAL_I2C_Mem_Write
 .text.HAL_I2C_Mem_Read
                0x0000000008005808      0x44c ./Drivers/STM32F4xx_HAL_Driver/Src/stm32f4xx_hal_i2c.o
                0x0000000008005808                HAL_I2C_Mem_Read
 .text.I2C_RequestMemoryWrite
                0x0000000008005c54      0x12c ./Drivers/STM32F4xx_HAL_Driver/Src/stm32f4xx_hal_i2c.o
 .text.I2C_RequestMemoryRead
                0x0000000008005d80      0x1d0 ./Drivers/STM32F4xx_HAL_Driver/Src/stm32f4xx_hal_i2c.o
 .text.I2C_WaitOnFlagUntilTimeout
                0x0000000008005f50       0xae ./Drivers/STM32F4xx_HAL_Driver/Src/stm32f4xx_hal_i2c.o
 .text.I2C_WaitOnMasterAddressFlagUntilTimeout
                0x0000000008005ffe       0xfe ./Drivers/STM32F4xx_HAL_Driver/Src/stm32f4xx_hal_i2c.o
 .text.I2C_WaitOnTXEFlagUntilTimeout
                0x00000000080060fc       0x82 ./Drivers/STM32F4xx_HAL_Driver/Src/stm32f4xx_hal_i2c.o
 .text.I2C_WaitOnBTFFlagUntilTimeout
                0x000000000800617e       0x82 ./Drivers/STM32F4xx_HAL_Driver/Src/stm32f4xx_hal_i2c.o
 .text.I2C_WaitOnRXNEFlagUntilTimeout
                0x0000000008006200       0xac ./Drivers/STM32F4xx_HAL_Driver/Src/stm32f4xx_hal_i2c.o
 .text.I2C_IsAcknowledgeFailed
                0x00000000080062ac       0x5e ./Drivers/STM32F4xx_HAL_Driver/Src/stm32f4xx_hal_i2c.o
 *fill*         0x000000000800630a        0x2 
 .text.HAL_RCC_OscConfig
                0x000000000800630c      0x4f0 ./Drivers/STM32F4xx_HAL_Driver/Src/stm32f4xx_hal_rcc.o
                0x000000000800630c                HAL_RCC_OscConfig
 .text.HAL_RCC_ClockConfig
                0x00000000080067fc      0x1cc ./Drivers/STM32F4xx_HAL_Driver/Src/stm32f4xx_hal_rcc.o
                0x00000000080067fc                HAL_RCC_ClockConfig
 .text.HAL_RCC_GetSysClockFreq
                0x00000000080069c8      0x1c4 ./Drivers/STM32F4xx_HAL_Driver/Src/stm32f4xx_hal_rcc.o
                0x00000000080069c8                HAL_RCC_GetSysClockFreq
 .text.HAL_RCC_GetHCLKFreq
                0x0000000008006b8c       0x18 ./Drivers/STM32F4xx_HAL_Driver/Src/stm32f4xx_hal_rcc.o
                0x0000000008006b8c                HAL_RCC_GetHCLKFreq
 .text.HAL_RCC_GetPCLK1Freq
                0x0000000008006ba4       0x28 ./Drivers/STM32F4xx_HAL_Driver/Src/stm32f4xx_hal_rcc.o
                0x0000000008006ba4                HAL_RCC_GetPCLK1Freq
 .text.HAL_SPI_Init
                0x0000000008006bcc      0x112 ./Drivers/STM32F4xx_HAL_Driver/Src/stm32f4xx_hal_spi.o
                0x0000000008006bcc                HAL_SPI_Init
 .text.HAL_SPI_Transmit
                0x0000000008006cde      0x278 ./Drivers/STM32F4xx_HAL_Driver/Src/stm32f4xx_hal_spi.o
                0x0000000008006cde                HAL_SPI_Transmit
 *fill*         0x0000000008006f56        0x2 
 .text.SPI_WaitFlagStateUntilTimeout
                0x0000000008006f58      0x110 ./Drivers/STM32F4xx_HAL_Driver/Src/stm32f4xx_hal_spi.o
 .text.SPI_EndRxTxTransaction
                0x0000000008007068       0x84 ./Drivers/STM32F4xx_HAL_Driver/Src/stm32f4xx_hal_spi.o
 .text.HAL_SRAM_Init
                0x00000000080070ec       0x88 ./Drivers/STM32F4xx_HAL_Driver/Src/stm32f4xx_hal_sram.o
                0x00000000080070ec                HAL_SRAM_Init
 .text.HAL_TIM_Base_Init
                0x0000000008007174       0x9e ./Drivers/STM32F4xx_HAL_Driver/Src/stm32f4xx_hal_tim.o
                0x0000000008007174                HAL_TIM_Base_Init
 *fill*         0x0000000008007212        0x2 
 .text.HAL_TIM_Base_Start
                0x0000000008007214       0xd0 ./Drivers/STM32F4xx_HAL_Driver/Src/stm32f4xx_hal_tim.o
                0x0000000008007214                HAL_TIM_Base_Start
 .text.HAL_TIM_Base_Start_IT
                0x00000000080072e4       0xe0 ./Drivers/STM32F4xx_HAL_Driver/Src/stm32f4xx_hal_tim.o
                0x00000000080072e4                HAL_TIM_Base_Start_IT
 .text.HAL_TIM_PWM_Init
                0x00000000080073c4       0x9e ./Drivers/STM32F4xx_HAL_Driver/Src/stm32f4xx_hal_tim.o
                0x00000000080073c4                HAL_TIM_PWM_Init
 .text.HAL_TIM_PWM_MspInit
                0x0000000008007462       0x14 ./Drivers/STM32F4xx_HAL_Driver/Src/stm32f4xx_hal_tim.o
                0x0000000008007462                HAL_TIM_PWM_MspInit
 .text.HAL_TIM_IRQHandler
                0x0000000008007476      0x210 ./Drivers/STM32F4xx_HAL_Driver/Src/stm32f4xx_hal_tim.o
                0x0000000008007476                HAL_TIM_IRQHandler
 *fill*         0x0000000008007686        0x2 
 .text.HAL_TIM_PWM_ConfigChannel
                0x0000000008007688      0x184 ./Drivers/STM32F4xx_HAL_Driver/Src/stm32f4xx_hal_tim.o
                0x0000000008007688                HAL_TIM_PWM_ConfigChannel
 .text.HAL_TIM_ConfigClockSource
                0x000000000800780c      0x18e ./Drivers/STM32F4xx_HAL_Driver/Src/stm32f4xx_hal_tim.o
                0x000000000800780c                HAL_TIM_ConfigClockSource
 .text.HAL_TIM_OC_DelayElapsedCallback
                0x000000000800799a       0x14 ./Drivers/STM32F4xx_HAL_Driver/Src/stm32f4xx_hal_tim.o
                0x000000000800799a                HAL_TIM_OC_DelayElapsedCallback
 .text.HAL_TIM_IC_CaptureCallback
                0x00000000080079ae       0x14 ./Drivers/STM32F4xx_HAL_Driver/Src/stm32f4xx_hal_tim.o
                0x00000000080079ae                HAL_TIM_IC_CaptureCallback
 .text.HAL_TIM_PWM_PulseFinishedCallback
                0x00000000080079c2       0x14 ./Drivers/STM32F4xx_HAL_Driver/Src/stm32f4xx_hal_tim.o
                0x00000000080079c2                HAL_TIM_PWM_PulseFinishedCallback
 .text.HAL_TIM_TriggerCallback
                0x00000000080079d6       0x14 ./Drivers/STM32F4xx_HAL_Driver/Src/stm32f4xx_hal_tim.o
                0x00000000080079d6                HAL_TIM_TriggerCallback
 *fill*         0x00000000080079ea        0x2 
 .text.TIM_Base_SetConfig
                0x00000000080079ec      0x140 ./Drivers/STM32F4xx_HAL_Driver/Src/stm32f4xx_hal_tim.o
                0x00000000080079ec                TIM_Base_SetConfig
 .text.TIM_OC1_SetConfig
                0x0000000008007b2c       0xe0 ./Drivers/STM32F4xx_HAL_Driver/Src/stm32f4xx_hal_tim.o
 .text.TIM_OC2_SetConfig
                0x0000000008007c0c       0xec ./Drivers/STM32F4xx_HAL_Driver/Src/stm32f4xx_hal_tim.o
                0x0000000008007c0c                TIM_OC2_SetConfig
 .text.TIM_OC3_SetConfig
                0x0000000008007cf8       0xe8 ./Drivers/STM32F4xx_HAL_Driver/Src/stm32f4xx_hal_tim.o
 .text.TIM_OC4_SetConfig
                0x0000000008007de0       0xac ./Drivers/STM32F4xx_HAL_Driver/Src/stm32f4xx_hal_tim.o
 .text.TIM_TI1_ConfigInputStage
                0x0000000008007e8c       0x5e ./Drivers/STM32F4xx_HAL_Driver/Src/stm32f4xx_hal_tim.o
 .text.TIM_TI2_ConfigInputStage
                0x0000000008007eea       0x60 ./Drivers/STM32F4xx_HAL_Driver/Src/stm32f4xx_hal_tim.o
 .text.TIM_ITRx_SetConfig
                0x0000000008007f4a       0x36 ./Drivers/STM32F4xx_HAL_Driver/Src/stm32f4xx_hal_tim.o
 .text.TIM_ETR_SetConfig
                0x0000000008007f80       0x40 ./Drivers/STM32F4xx_HAL_Driver/Src/stm32f4xx_hal_tim.o
                0x0000000008007f80                TIM_ETR_SetConfig
 .text.HAL_TIMEx_MasterConfigSynchronization
                0x0000000008007fc0       0xf8 ./Drivers/STM32F4xx_HAL_Driver/Src/stm32f4xx_hal_tim_ex.o
                0x0000000008007fc0                HAL_TIMEx_MasterConfigSynchronization
 .text.HAL_TIMEx_CommutCallback
                0x00000000080080b8       0x14 ./Drivers/STM32F4xx_HAL_Driver/Src/stm32f4xx_hal_tim_ex.o
                0x00000000080080b8                HAL_TIMEx_CommutCallback
 .text.HAL_TIMEx_BreakCallback
                0x00000000080080cc       0x14 ./Drivers/STM32F4xx_HAL_Driver/Src/stm32f4xx_hal_tim_ex.o
                0x00000000080080cc                HAL_TIMEx_BreakCallback
 .text.FSMC_NORSRAM_Init
                0x00000000080080e0       0xa4 ./Drivers/STM32F4xx_HAL_Driver/Src/stm32f4xx_ll_fsmc.o
                0x00000000080080e0                FSMC_NORSRAM_Init
 .text.FSMC_NORSRAM_Timing_Init
                0x0000000008008184       0x7a ./Drivers/STM32F4xx_HAL_Driver/Src/stm32f4xx_ll_fsmc.o
                0x0000000008008184                FSMC_NORSRAM_Timing_Init
 *fill*         0x00000000080081fe        0x2 
 .text.FSMC_NORSRAM_Extended_Timing_Init
                0x0000000008008200       0x80 ./Drivers/STM32F4xx_HAL_Driver/Src/stm32f4xx_ll_fsmc.o
                0x0000000008008200                FSMC_NORSRAM_Extended_Timing_Init
 .text.__errno  0x0000000008008280        0xc c:/st/stm32cubeide_1.7.0/stm32cubeide/plugins/com.st.stm32cube.ide.mcu.externaltools.gnu-tools-for-stm32.9-2020-q2-update.win32_2.0.0.202105311346/tools/bin/../lib/gcc/arm-none-eabi/9.3.1/../../../../arm-none-eabi/lib/thumb/v7e-m+fp/hard\libc_nano.a(lib_a-errno.o)
                0x0000000008008280                __errno
 .text.__libc_init_array
                0x000000000800828c       0x48 c:/st/stm32cubeide_1.7.0/stm32cubeide/plugins/com.st.stm32cube.ide.mcu.externaltools.gnu-tools-for-stm32.9-2020-q2-update.win32_2.0.0.202105311346/tools/bin/../lib/gcc/arm-none-eabi/9.3.1/../../../../arm-none-eabi/lib/thumb/v7e-m+fp/hard\libc_nano.a(lib_a-init.o)
                0x000000000800828c                __libc_init_array
 .text.memset   0x00000000080082d4       0x10 c:/st/stm32cubeide_1.7.0/stm32cubeide/plugins/com.st.stm32cube.ide.mcu.externaltools.gnu-tools-for-stm32.9-2020-q2-update.win32_2.0.0.202105311346/tools/bin/../lib/gcc/arm-none-eabi/9.3.1/../../../../arm-none-eabi/lib/thumb/v7e-m+fp/hard\libc_nano.a(lib_a-memset.o)
                0x00000000080082d4                memset
 .text.srand    0x00000000080082e4       0x5c c:/st/stm32cubeide_1.7.0/stm32cubeide/plugins/com.st.stm32cube.ide.mcu.externaltools.gnu-tools-for-stm32.9-2020-q2-update.win32_2.0.0.202105311346/tools/bin/../lib/gcc/arm-none-eabi/9.3.1/../../../../arm-none-eabi/lib/thumb/v7e-m+fp/hard\libc_nano.a(lib_a-rand.o)
                0x00000000080082e4                srand
 .text.rand     0x0000000008008340       0x80 c:/st/stm32cubeide_1.7.0/stm32cubeide/plugins/com.st.stm32cube.ide.mcu.externaltools.gnu-tools-for-stm32.9-2020-q2-update.win32_2.0.0.202105311346/tools/bin/../lib/gcc/arm-none-eabi/9.3.1/../../../../arm-none-eabi/lib/thumb/v7e-m+fp/hard\libc_nano.a(lib_a-rand.o)
                0x0000000008008340                rand
 .text.time     0x00000000080083c0       0x34 c:/st/stm32cubeide_1.7.0/stm32cubeide/plugins/com.st.stm32cube.ide.mcu.externaltools.gnu-tools-for-stm32.9-2020-q2-update.win32_2.0.0.202105311346/tools/bin/../lib/gcc/arm-none-eabi/9.3.1/../../../../arm-none-eabi/lib/thumb/v7e-m+fp/hard\libc_nano.a(lib_a-time.o)
                0x00000000080083c0                time
 .text.__assert_func
                0x00000000080083f4       0x3c c:/st/stm32cubeide_1.7.0/stm32cubeide/plugins/com.st.stm32cube.ide.mcu.externaltools.gnu-tools-for-stm32.9-2020-q2-update.win32_2.0.0.202105311346/tools/bin/../lib/gcc/arm-none-eabi/9.3.1/../../../../arm-none-eabi/lib/thumb/v7e-m+fp/hard\libc_nano.a(lib_a-assert.o)
                0x00000000080083f4                __assert_func
 .text.fprintf  0x0000000008008430       0x24 c:/st/stm32cubeide_1.7.0/stm32cubeide/plugins/com.st.stm32cube.ide.mcu.externaltools.gnu-tools-for-stm32.9-2020-q2-update.win32_2.0.0.202105311346/tools/bin/../lib/gcc/arm-none-eabi/9.3.1/../../../../arm-none-eabi/lib/thumb/v7e-m+fp/hard\libc_nano.a(lib_a-fprintf.o)
                0x0000000008008430                fiprintf
                0x0000000008008430                fprintf
 .text._gettimeofday_r
                0x0000000008008454       0x24 c:/st/stm32cubeide_1.7.0/stm32cubeide/plugins/com.st.stm32cube.ide.mcu.externaltools.gnu-tools-for-stm32.9-2020-q2-update.win32_2.0.0.202105311346/tools/bin/../lib/gcc/arm-none-eabi/9.3.1/../../../../arm-none-eabi/lib/thumb/v7e-m+fp/hard\libc_nano.a(lib_a-gettimeofdayr.o)
                0x0000000008008454                _gettimeofday_r
 .text.malloc   0x0000000008008478       0x10 c:/st/stm32cubeide_1.7.0/stm32cubeide/plugins/com.st.stm32cube.ide.mcu.externaltools.gnu-tools-for-stm32.9-2020-q2-update.win32_2.0.0.202105311346/tools/bin/../lib/gcc/arm-none-eabi/9.3.1/../../../../arm-none-eabi/lib/thumb/v7e-m+fp/hard\libc_nano.a(lib_a-malloc.o)
                0x0000000008008478                malloc
 .text._free_r  0x0000000008008488       0xa0 c:/st/stm32cubeide_1.7.0/stm32cubeide/plugins/com.st.stm32cube.ide.mcu.externaltools.gnu-tools-for-stm32.9-2020-q2-update.win32_2.0.0.202105311346/tools/bin/../lib/gcc/arm-none-eabi/9.3.1/../../../../arm-none-eabi/lib/thumb/v7e-m+fp/hard\libc_nano.a(lib_a-nano-freer.o)
                0x0000000008008488                _free_r
 .text._malloc_r
                0x0000000008008528       0xb4 c:/st/stm32cubeide_1.7.0/stm32cubeide/plugins/com.st.stm32cube.ide.mcu.externaltools.gnu-tools-for-stm32.9-2020-q2-update.win32_2.0.0.202105311346/tools/bin/../lib/gcc/arm-none-eabi/9.3.1/../../../../arm-none-eabi/lib/thumb/v7e-m+fp/hard\libc_nano.a(lib_a-nano-mallocr.o)
                0x0000000008008528                _malloc_r
 .text.__sfputc_r
                0x00000000080085dc       0x2e c:/st/stm32cubeide_1.7.0/stm32cubeide/plugins/com.st.stm32cube.ide.mcu.externaltools.gnu-tools-for-stm32.9-2020-q2-update.win32_2.0.0.202105311346/tools/bin/../lib/gcc/arm-none-eabi/9.3.1/../../../../arm-none-eabi/lib/thumb/v7e-m+fp/hard\libc_nano.a(lib_a-nano-vfprintf.o)
 .text.__sfputs_r
                0x000000000800860a       0x24 c:/st/stm32cubeide_1.7.0/stm32cubeide/plugins/com.st.stm32cube.ide.mcu.externaltools.gnu-tools-for-stm32.9-2020-q2-update.win32_2.0.0.202105311346/tools/bin/../lib/gcc/arm-none-eabi/9.3.1/../../../../arm-none-eabi/lib/thumb/v7e-m+fp/hard\libc_nano.a(lib_a-nano-vfprintf.o)
                0x000000000800860a                __sfputs_r
 *fill*         0x000000000800862e        0x2 
 .text._vfprintf_r
                0x0000000008008630      0x260 c:/st/stm32cubeide_1.7.0/stm32cubeide/plugins/com.st.stm32cube.ide.mcu.externaltools.gnu-tools-for-stm32.9-2020-q2-update.win32_2.0.0.202105311346/tools/bin/../lib/gcc/arm-none-eabi/9.3.1/../../../../arm-none-eabi/lib/thumb/v7e-m+fp/hard\libc_nano.a(lib_a-nano-vfprintf.o)
                0x0000000008008630                _vfprintf_r
                0x0000000008008630                _vfiprintf_r
 .text._printf_common
                0x0000000008008890       0xda c:/st/stm32cubeide_1.7.0/stm32cubeide/plugins/com.st.stm32cube.ide.mcu.externaltools.gnu-tools-for-stm32.9-2020-q2-update.win32_2.0.0.202105311346/tools/bin/../lib/gcc/arm-none-eabi/9.3.1/../../../../arm-none-eabi/lib/thumb/v7e-m+fp/hard\libc_nano.a(lib_a-nano-vfprintf_i.o)
                0x0000000008008890                _printf_common
 *fill*         0x000000000800896a        0x2 
 .text._printf_i
                0x000000000800896c      0x24c c:/st/stm32cubeide_1.7.0/stm32cubeide/plugins/com.st.stm32cube.ide.mcu.externaltools.gnu-tools-for-stm32.9-2020-q2-update.win32_2.0.0.202105311346/tools/bin/../lib/gcc/arm-none-eabi/9.3.1/../../../../arm-none-eabi/lib/thumb/v7e-m+fp/hard\libc_nano.a(lib_a-nano-vfprintf_i.o)
                0x000000000800896c                _printf_i
 .text._sbrk_r  0x0000000008008bb8       0x20 c:/st/stm32cubeide_1.7.0/stm32cubeide/plugins/com.st.stm32cube.ide.mcu.externaltools.gnu-tools-for-stm32.9-2020-q2-update.win32_2.0.0.202105311346/tools/bin/../lib/gcc/arm-none-eabi/9.3.1/../../../../arm-none-eabi/lib/thumb/v7e-m+fp/hard\libc_nano.a(lib_a-sbrkr.o)
                0x0000000008008bb8                _sbrk_r
 .text.__swbuf_r
                0x0000000008008bd8       0xa4 c:/st/stm32cubeide_1.7.0/stm32cubeide/plugins/com.st.stm32cube.ide.mcu.externaltools.gnu-tools-for-stm32.9-2020-q2-update.win32_2.0.0.202105311346/tools/bin/../lib/gcc/arm-none-eabi/9.3.1/../../../../arm-none-eabi/lib/thumb/v7e-m+fp/hard\libc_nano.a(lib_a-wbuf.o)
                0x0000000008008bd8                __swbuf_r
 .text.__swsetup_r
                0x0000000008008c7c       0xdc c:/st/stm32cubeide_1.7.0/stm32cubeide/plugins/com.st.stm32cube.ide.mcu.externaltools.gnu-tools-for-stm32.9-2020-q2-update.win32_2.0.0.202105311346/tools/bin/../lib/gcc/arm-none-eabi/9.3.1/../../../../arm-none-eabi/lib/thumb/v7e-m+fp/hard\libc_nano.a(lib_a-wsetup.o)
                0x0000000008008c7c                __swsetup_r
 .text.abort    0x0000000008008d58        0xe c:/st/stm32cubeide_1.7.0/stm32cubeide/plugins/com.st.stm32cube.ide.mcu.externaltools.gnu-tools-for-stm32.9-2020-q2-update.win32_2.0.0.202105311346/tools/bin/../lib/gcc/arm-none-eabi/9.3.1/../../../../arm-none-eabi/lib/thumb/v7e-m+fp/hard\libc_nano.a(lib_a-abort.o)
                0x0000000008008d58                abort
 *fill*         0x0000000008008d66        0x2 
 .text.__sflush_r
                0x0000000008008d68      0x10c c:/st/stm32cubeide_1.7.0/stm32cubeide/plugins/com.st.stm32cube.ide.mcu.externaltools.gnu-tools-for-stm32.9-2020-q2-update.win32_2.0.0.202105311346/tools/bin/../lib/gcc/arm-none-eabi/9.3.1/../../../../arm-none-eabi/lib/thumb/v7e-m+fp/hard\libc_nano.a(lib_a-fflush.o)
                0x0000000008008d68                __sflush_r
 .text._fflush_r
                0x0000000008008e74       0x78 c:/st/stm32cubeide_1.7.0/stm32cubeide/plugins/com.st.stm32cube.ide.mcu.externaltools.gnu-tools-for-stm32.9-2020-q2-update.win32_2.0.0.202105311346/tools/bin/../lib/gcc/arm-none-eabi/9.3.1/../../../../arm-none-eabi/lib/thumb/v7e-m+fp/hard\libc_nano.a(lib_a-fflush.o)
                0x0000000008008e74                _fflush_r
 .text.std      0x0000000008008eec       0x48 c:/st/stm32cubeide_1.7.0/stm32cubeide/plugins/com.st.stm32cube.ide.mcu.externaltools.gnu-tools-for-stm32.9-2020-q2-update.win32_2.0.0.202105311346/tools/bin/../lib/gcc/arm-none-eabi/9.3.1/../../../../arm-none-eabi/lib/thumb/v7e-m+fp/hard\libc_nano.a(lib_a-findfp.o)
 .text._cleanup_r
                0x0000000008008f34        0xc c:/st/stm32cubeide_1.7.0/stm32cubeide/plugins/com.st.stm32cube.ide.mcu.externaltools.gnu-tools-for-stm32.9-2020-q2-update.win32_2.0.0.202105311346/tools/bin/../lib/gcc/arm-none-eabi/9.3.1/../../../../arm-none-eabi/lib/thumb/v7e-m+fp/hard\libc_nano.a(lib_a-findfp.o)
                0x0000000008008f34                _cleanup_r
 .text.__sfmoreglue
                0x0000000008008f40       0x2c c:/st/stm32cubeide_1.7.0/stm32cubeide/plugins/com.st.stm32cube.ide.mcu.externaltools.gnu-tools-for-stm32.9-2020-q2-update.win32_2.0.0.202105311346/tools/bin/../lib/gcc/arm-none-eabi/9.3.1/../../../../arm-none-eabi/lib/thumb/v7e-m+fp/hard\libc_nano.a(lib_a-findfp.o)
                0x0000000008008f40                __sfmoreglue
 .text.__sfp_lock_acquire
                0x0000000008008f6c        0xc c:/st/stm32cubeide_1.7.0/stm32cubeide/plugins/com.st.stm32cube.ide.mcu.externaltools.gnu-tools-for-stm32.9-2020-q2-update.win32_2.0.0.202105311346/tools/bin/../lib/gcc/arm-none-eabi/9.3.1/../../../../arm-none-eabi/lib/thumb/v7e-m+fp/hard\libc_nano.a(lib_a-findfp.o)
                0x0000000008008f6c                __sfp_lock_acquire
 .text.__sfp_lock_release
                0x0000000008008f78        0xc c:/st/stm32cubeide_1.7.0/stm32cubeide/plugins/com.st.stm32cube.ide.mcu.externaltools.gnu-tools-for-stm32.9-2020-q2-update.win32_2.0.0.202105311346/tools/bin/../lib/gcc/arm-none-eabi/9.3.1/../../../../arm-none-eabi/lib/thumb/v7e-m+fp/hard\libc_nano.a(lib_a-findfp.o)
                0x0000000008008f78                __sfp_lock_release
 .text.__sinit_lock_acquire
                0x0000000008008f84        0xc c:/st/stm32cubeide_1.7.0/stm32cubeide/plugins/com.st.stm32cube.ide.mcu.externaltools.gnu-tools-for-stm32.9-2020-q2-update.win32_2.0.0.202105311346/tools/bin/../lib/gcc/arm-none-eabi/9.3.1/../../../../arm-none-eabi/lib/thumb/v7e-m+fp/hard\libc_nano.a(lib_a-findfp.o)
                0x0000000008008f84                __sinit_lock_acquire
 .text.__sinit_lock_release
                0x0000000008008f90        0xc c:/st/stm32cubeide_1.7.0/stm32cubeide/plugins/com.st.stm32cube.ide.mcu.externaltools.gnu-tools-for-stm32.9-2020-q2-update.win32_2.0.0.202105311346/tools/bin/../lib/gcc/arm-none-eabi/9.3.1/../../../../arm-none-eabi/lib/thumb/v7e-m+fp/hard\libc_nano.a(lib_a-findfp.o)
                0x0000000008008f90                __sinit_lock_release
 .text.__sinit  0x0000000008008f9c       0x70 c:/st/stm32cubeide_1.7.0/stm32cubeide/plugins/com.st.stm32cube.ide.mcu.externaltools.gnu-tools-for-stm32.9-2020-q2-update.win32_2.0.0.202105311346/tools/bin/../lib/gcc/arm-none-eabi/9.3.1/../../../../arm-none-eabi/lib/thumb/v7e-m+fp/hard\libc_nano.a(lib_a-findfp.o)
                0x0000000008008f9c                __sinit
 .text.__sfp    0x000000000800900c       0x8c c:/st/stm32cubeide_1.7.0/stm32cubeide/plugins/com.st.stm32cube.ide.mcu.externaltools.gnu-tools-for-stm32.9-2020-q2-update.win32_2.0.0.202105311346/tools/bin/../lib/gcc/arm-none-eabi/9.3.1/../../../../arm-none-eabi/lib/thumb/v7e-m+fp/hard\libc_nano.a(lib_a-findfp.o)
                0x000000000800900c                __sfp
 .text._fwalk_reent
                0x0000000008009098       0x3e c:/st/stm32cubeide_1.7.0/stm32cubeide/plugins/com.st.stm32cube.ide.mcu.externaltools.gnu-tools-for-stm32.9-2020-q2-update.win32_2.0.0.202105311346/tools/bin/../lib/gcc/arm-none-eabi/9.3.1/../../../../arm-none-eabi/lib/thumb/v7e-m+fp/hard\libc_nano.a(lib_a-fwalk.o)
                0x0000000008009098                _fwalk_reent
 .text.__retarget_lock_init_recursive
                0x00000000080090d6        0x2 c:/st/stm32cubeide_1.7.0/stm32cubeide/plugins/com.st.stm32cube.ide.mcu.externaltools.gnu-tools-for-stm32.9-2020-q2-update.win32_2.0.0.202105311346/tools/bin/../lib/gcc/arm-none-eabi/9.3.1/../../../../arm-none-eabi/lib/thumb/v7e-m+fp/hard\libc_nano.a(lib_a-lock.o)
                0x00000000080090d6                __retarget_lock_init_recursive
 .text.__retarget_lock_acquire_recursive
                0x00000000080090d8        0x2 c:/st/stm32cubeide_1.7.0/stm32cubeide/plugins/com.st.stm32cube.ide.mcu.externaltools.gnu-tools-for-stm32.9-2020-q2-update.win32_2.0.0.202105311346/tools/bin/../lib/gcc/arm-none-eabi/9.3.1/../../../../arm-none-eabi/lib/thumb/v7e-m+fp/hard\libc_nano.a(lib_a-lock.o)
                0x00000000080090d8                __retarget_lock_acquire_recursive
 .text.__retarget_lock_release_recursive
                0x00000000080090da        0x2 c:/st/stm32cubeide_1.7.0/stm32cubeide/plugins/com.st.stm32cube.ide.mcu.externaltools.gnu-tools-for-stm32.9-2020-q2-update.win32_2.0.0.202105311346/tools/bin/../lib/gcc/arm-none-eabi/9.3.1/../../../../arm-none-eabi/lib/thumb/v7e-m+fp/hard\libc_nano.a(lib_a-lock.o)
                0x00000000080090da                __retarget_lock_release_recursive
 .text.__swhatbuf_r
                0x00000000080090dc       0x48 c:/st/stm32cubeide_1.7.0/stm32cubeide/plugins/com.st.stm32cube.ide.mcu.externaltools.gnu-tools-for-stm32.9-2020-q2-update.win32_2.0.0.202105311346/tools/bin/../lib/gcc/arm-none-eabi/9.3.1/../../../../arm-none-eabi/lib/thumb/v7e-m+fp/hard\libc_nano.a(lib_a-makebuf.o)
                0x00000000080090dc                __swhatbuf_r
 .text.__smakebuf_r
                0x0000000008009124       0x80 c:/st/stm32cubeide_1.7.0/stm32cubeide/plugins/com.st.stm32cube.ide.mcu.externaltools.gnu-tools-for-stm32.9-2020-q2-update.win32_2.0.0.202105311346/tools/bin/../lib/gcc/arm-none-eabi/9.3.1/../../../../arm-none-eabi/lib/thumb/v7e-m+fp/hard\libc_nano.a(lib_a-makebuf.o)
                0x0000000008009124                __smakebuf_r
 .text.__malloc_lock
                0x00000000080091a4        0xc c:/st/stm32cubeide_1.7.0/stm32cubeide/plugins/com.st.stm32cube.ide.mcu.externaltools.gnu-tools-for-stm32.9-2020-q2-update.win32_2.0.0.202105311346/tools/bin/../lib/gcc/arm-none-eabi/9.3.1/../../../../arm-none-eabi/lib/thumb/v7e-m+fp/hard\libc_nano.a(lib_a-mlock.o)
                0x00000000080091a4                __malloc_lock
 .text.__malloc_unlock
                0x00000000080091b0        0xc c:/st/stm32cubeide_1.7.0/stm32cubeide/plugins/com.st.stm32cube.ide.mcu.externaltools.gnu-tools-for-stm32.9-2020-q2-update.win32_2.0.0.202105311346/tools/bin/../lib/gcc/arm-none-eabi/9.3.1/../../../../arm-none-eabi/lib/thumb/v7e-m+fp/hard\libc_nano.a(lib_a-mlock.o)
                0x00000000080091b0                __malloc_unlock
 .text._raise_r
                0x00000000080091bc       0x50 c:/st/stm32cubeide_1.7.0/stm32cubeide/plugins/com.st.stm32cube.ide.mcu.externaltools.gnu-tools-for-stm32.9-2020-q2-update.win32_2.0.0.202105311346/tools/bin/../lib/gcc/arm-none-eabi/9.3.1/../../../../arm-none-eabi/lib/thumb/v7e-m+fp/hard\libc_nano.a(lib_a-signal.o)
                0x00000000080091bc                _raise_r
 .text.raise    0x000000000800920c       0x10 c:/st/stm32cubeide_1.7.0/stm32cubeide/plugins/com.st.stm32cube.ide.mcu.externaltools.gnu-tools-for-stm32.9-2020-q2-update.win32_2.0.0.202105311346/tools/bin/../lib/gcc/arm-none-eabi/9.3.1/../../../../arm-none-eabi/lib/thumb/v7e-m+fp/hard\libc_nano.a(lib_a-signal.o)
                0x000000000800920c                raise
 .text._kill_r  0x000000000800921c       0x24 c:/st/stm32cubeide_1.7.0/stm32cubeide/plugins/com.st.stm32cube.ide.mcu.externaltools.gnu-tools-for-stm32.9-2020-q2-update.win32_2.0.0.202105311346/tools/bin/../lib/gcc/arm-none-eabi/9.3.1/../../../../arm-none-eabi/lib/thumb/v7e-m+fp/hard\libc_nano.a(lib_a-signalr.o)
                0x000000000800921c                _kill_r
 .text._getpid_r
                0x0000000008009240        0x4 c:/st/stm32cubeide_1.7.0/stm32cubeide/plugins/com.st.stm32cube.ide.mcu.externaltools.gnu-tools-for-stm32.9-2020-q2-update.win32_2.0.0.202105311346/tools/bin/../lib/gcc/arm-none-eabi/9.3.1/../../../../arm-none-eabi/lib/thumb/v7e-m+fp/hard\libc_nano.a(lib_a-signalr.o)
                0x0000000008009240                _getpid_r
 .text.__sread  0x0000000008009244       0x22 c:/st/stm32cubeide_1.7.0/stm32cubeide/plugins/com.st.stm32cube.ide.mcu.externaltools.gnu-tools-for-stm32.9-2020-q2-update.win32_2.0.0.202105311346/tools/bin/../lib/gcc/arm-none-eabi/9.3.1/../../../../arm-none-eabi/lib/thumb/v7e-m+fp/hard\libc_nano.a(lib_a-stdio.o)
                0x0000000008009244                __sread
 .text.__swrite
                0x0000000008009266       0x38 c:/st/stm32cubeide_1.7.0/stm32cubeide/plugins/com.st.stm32cube.ide.mcu.externaltools.gnu-tools-for-stm32.9-2020-q2-update.win32_2.0.0.202105311346/tools/bin/../lib/gcc/arm-none-eabi/9.3.1/../../../../arm-none-eabi/lib/thumb/v7e-m+fp/hard\libc_nano.a(lib_a-stdio.o)
                0x0000000008009266                __swrite
 .text.__sseek  0x000000000800929e       0x24 c:/st/stm32cubeide_1.7.0/stm32cubeide/plugins/com.st.stm32cube.ide.mcu.externaltools.gnu-tools-for-stm32.9-2020-q2-update.win32_2.0.0.202105311346/tools/bin/../lib/gcc/arm-none-eabi/9.3.1/../../../../arm-none-eabi/lib/thumb/v7e-m+fp/hard\libc_nano.a(lib_a-stdio.o)
                0x000000000800929e                __sseek
 .text.__sclose
                0x00000000080092c2        0x8 c:/st/stm32cubeide_1.7.0/stm32cubeide/plugins/com.st.stm32cube.ide.mcu.externaltools.gnu-tools-for-stm32.9-2020-q2-update.win32_2.0.0.202105311346/tools/bin/../lib/gcc/arm-none-eabi/9.3.1/../../../../arm-none-eabi/lib/thumb/v7e-m+fp/hard\libc_nano.a(lib_a-stdio.o)
                0x00000000080092c2                __sclose
 *fill*         0x00000000080092ca        0x2 
 .text._write_r
                0x00000000080092cc       0x24 c:/st/stm32cubeide_1.7.0/stm32cubeide/plugins/com.st.stm32cube.ide.mcu.externaltools.gnu-tools-for-stm32.9-2020-q2-update.win32_2.0.0.202105311346/tools/bin/../lib/gcc/arm-none-eabi/9.3.1/../../../../arm-none-eabi/lib/thumb/v7e-m+fp/hard\libc_nano.a(lib_a-writer.o)
                0x00000000080092cc                _write_r
 .text._close_r
                0x00000000080092f0       0x20 c:/st/stm32cubeide_1.7.0/stm32cubeide/plugins/com.st.stm32cube.ide.mcu.externaltools.gnu-tools-for-stm32.9-2020-q2-update.win32_2.0.0.202105311346/tools/bin/../lib/gcc/arm-none-eabi/9.3.1/../../../../arm-none-eabi/lib/thumb/v7e-m+fp/hard\libc_nano.a(lib_a-closer.o)
                0x00000000080092f0                _close_r
 .text._fstat_r
                0x0000000008009310       0x24 c:/st/stm32cubeide_1.7.0/stm32cubeide/plugins/com.st.stm32cube.ide.mcu.externaltools.gnu-tools-for-stm32.9-2020-q2-update.win32_2.0.0.202105311346/tools/bin/../lib/gcc/arm-none-eabi/9.3.1/../../../../arm-none-eabi/lib/thumb/v7e-m+fp/hard\libc_nano.a(lib_a-fstatr.o)
                0x0000000008009310                _fstat_r
 .text._isatty_r
                0x0000000008009334       0x20 c:/st/stm32cubeide_1.7.0/stm32cubeide/plugins/com.st.stm32cube.ide.mcu.externaltools.gnu-tools-for-stm32.9-2020-q2-update.win32_2.0.0.202105311346/tools/bin/../lib/gcc/arm-none-eabi/9.3.1/../../../../arm-none-eabi/lib/thumb/v7e-m+fp/hard\libc_nano.a(lib_a-isattyr.o)
                0x0000000008009334                _isatty_r
 .text._lseek_r
                0x0000000008009354       0x24 c:/st/stm32cubeide_1.7.0/stm32cubeide/plugins/com.st.stm32cube.ide.mcu.externaltools.gnu-tools-for-stm32.9-2020-q2-update.win32_2.0.0.202105311346/tools/bin/../lib/gcc/arm-none-eabi/9.3.1/../../../../arm-none-eabi/lib/thumb/v7e-m+fp/hard\libc_nano.a(lib_a-lseekr.o)
                0x0000000008009354                _lseek_r
 .text._read_r  0x0000000008009378       0x24 c:/st/stm32cubeide_1.7.0/stm32cubeide/plugins/com.st.stm32cube.ide.mcu.externaltools.gnu-tools-for-stm32.9-2020-q2-update.win32_2.0.0.202105311346/tools/bin/../lib/gcc/arm-none-eabi/9.3.1/../../../../arm-none-eabi/lib/thumb/v7e-m+fp/hard\libc_nano.a(lib_a-readr.o)
                0x0000000008009378                _read_r
 .text.sqrt     0x000000000800939c       0x68 c:/st/stm32cubeide_1.7.0/stm32cubeide/plugins/com.st.stm32cube.ide.mcu.externaltools.gnu-tools-for-stm32.9-2020-q2-update.win32_2.0.0.202105311346/tools/bin/../lib/gcc/arm-none-eabi/9.3.1/../../../../arm-none-eabi/lib/thumb/v7e-m+fp/hard\libm.a(lib_a-w_sqrt.o)
                0x000000000800939c                sqrt
 .text.__ieee754_sqrt
                0x0000000008009404      0x168 c:/st/stm32cubeide_1.7.0/stm32cubeide/plugins/com.st.stm32cube.ide.mcu.externaltools.gnu-tools-for-stm32.9-2020-q2-update.win32_2.0.0.202105311346/tools/bin/../lib/gcc/arm-none-eabi/9.3.1/../../../../arm-none-eabi/lib/thumb/v7e-m+fp/hard\libm.a(lib_a-e_sqrt.o)
                0x0000000008009404                __ieee754_sqrt
 .text._gettimeofday
                0x000000000800956c       0x10 c:/st/stm32cubeide_1.7.0/stm32cubeide/plugins/com.st.stm32cube.ide.mcu.externaltools.gnu-tools-for-stm32.9-2020-q2-update.win32_2.0.0.202105311346/tools/bin/../lib/gcc/arm-none-eabi/9.3.1/../../../../arm-none-eabi/lib/thumb/v7e-m+fp/hard\libnosys.a(gettod.o)
                0x000000000800956c                _gettimeofday
 *(.glue_7)
 .glue_7        0x000000000800957c        0x0 linker stubs
 *(.glue_7t)
 .glue_7t       0x000000000800957c        0x0 linker stubs
 *(.eh_frame)
 .eh_frame      0x000000000800957c        0x0 c:/st/stm32cubeide_1.7.0/stm32cubeide/plugins/com.st.stm32cube.ide.mcu.externaltools.gnu-tools-for-stm32.9-2020-q2-update.win32_2.0.0.202105311346/tools/bin/../lib/gcc/arm-none-eabi/9.3.1/thumb/v7e-m+fp/hard/crtbegin.o
 *(.init)
 .init          0x000000000800957c        0x4 c:/st/stm32cubeide_1.7.0/stm32cubeide/plugins/com.st.stm32cube.ide.mcu.externaltools.gnu-tools-for-stm32.9-2020-q2-update.win32_2.0.0.202105311346/tools/bin/../lib/gcc/arm-none-eabi/9.3.1/thumb/v7e-m+fp/hard/crti.o
                0x000000000800957c                _init
 .init          0x0000000008009580        0x8 c:/st/stm32cubeide_1.7.0/stm32cubeide/plugins/com.st.stm32cube.ide.mcu.externaltools.gnu-tools-for-stm32.9-2020-q2-update.win32_2.0.0.202105311346/tools/bin/../lib/gcc/arm-none-eabi/9.3.1/thumb/v7e-m+fp/hard/crtn.o
 *(.fini)
 .fini          0x0000000008009588        0x4 c:/st/stm32cubeide_1.7.0/stm32cubeide/plugins/com.st.stm32cube.ide.mcu.externaltools.gnu-tools-for-stm32.9-2020-q2-update.win32_2.0.0.202105311346/tools/bin/../lib/gcc/arm-none-eabi/9.3.1/thumb/v7e-m+fp/hard/crti.o
                0x0000000008009588                _fini
 .fini          0x000000000800958c        0x8 c:/st/stm32cubeide_1.7.0/stm32cubeide/plugins/com.st.stm32cube.ide.mcu.externaltools.gnu-tools-for-stm32.9-2020-q2-update.win32_2.0.0.202105311346/tools/bin/../lib/gcc/arm-none-eabi/9.3.1/thumb/v7e-m+fp/hard/crtn.o
                0x0000000008009594                . = ALIGN (0x4)
                0x0000000008009594                _etext = .

.vfp11_veneer   0x0000000008009594        0x0
 .vfp11_veneer  0x0000000008009594        0x0 linker stubs

.v4_bx          0x0000000008009594        0x0
 .v4_bx         0x0000000008009594        0x0 linker stubs

.iplt           0x0000000008009594        0x0
 .iplt          0x0000000008009594        0x0 c:/st/stm32cubeide_1.7.0/stm32cubeide/plugins/com.st.stm32cube.ide.mcu.externaltools.gnu-tools-for-stm32.9-2020-q2-update.win32_2.0.0.202105311346/tools/bin/../lib/gcc/arm-none-eabi/9.3.1/thumb/v7e-m+fp/hard/crtbegin.o

.rodata         0x0000000008009594     0x322c
                0x0000000008009594                . = ALIGN (0x4)
 *(.rodata)
 .rodata        0x0000000008009594       0x5e ./Core/Src/main.o
 *fill*         0x00000000080095f2        0x2 
 .rodata        0x00000000080095f4       0xe0 ./Core/Src/touch.o
 *(.rodata*)
 .rodata.ascii_1608
                0x00000000080096d4      0x5f0 ./Core/Src/lcd.o
                0x00000000080096d4                ascii_1608
 .rodata.ascii_2412
                0x0000000008009cc4     0x11d0 ./Core/Src/lcd.o
                0x0000000008009cc4                ascii_2412
 .rodata.ascii_3216
                0x000000000800ae94     0x17c0 ./Core/Src/lcd.o
                0x000000000800ae94                ascii_3216
 .rodata.AHBPrescTable
                0x000000000800c654       0x10 ./Core/Src/system_stm32f4xx.o
                0x000000000800c654                AHBPrescTable
 .rodata.APBPrescTable
                0x000000000800c664        0x8 ./Core/Src/system_stm32f4xx.o
                0x000000000800c664                APBPrescTable
 .rodata.flagBitshiftOffset.9221
                0x000000000800c66c        0x8 ./Drivers/STM32F4xx_HAL_Driver/Src/stm32f4xx_hal_dma.o
 .rodata._global_impure_ptr
                0x000000000800c674        0x4 c:/st/stm32cubeide_1.7.0/stm32cubeide/plugins/com.st.stm32cube.ide.mcu.externaltools.gnu-tools-for-stm32.9-2020-q2-update.win32_2.0.0.202105311346/tools/bin/../lib/gcc/arm-none-eabi/9.3.1/../../../../arm-none-eabi/lib/thumb/v7e-m+fp/hard\libc_nano.a(lib_a-impure.o)
                0x000000000800c674                _global_impure_ptr
 .rodata.srand.str1.1
                0x000000000800c678       0x76 c:/st/stm32cubeide_1.7.0/stm32cubeide/plugins/com.st.stm32cube.ide.mcu.externaltools.gnu-tools-for-stm32.9-2020-q2-update.win32_2.0.0.202105311346/tools/bin/../lib/gcc/arm-none-eabi/9.3.1/../../../../arm-none-eabi/lib/thumb/v7e-m+fp/hard\libc_nano.a(lib_a-rand.o)
 .rodata.__assert_func.str1.1
                0x000000000800c6ee       0x3c c:/st/stm32cubeide_1.7.0/stm32cubeide/plugins/com.st.stm32cube.ide.mcu.externaltools.gnu-tools-for-stm32.9-2020-q2-update.win32_2.0.0.202105311346/tools/bin/../lib/gcc/arm-none-eabi/9.3.1/../../../../arm-none-eabi/lib/thumb/v7e-m+fp/hard\libc_nano.a(lib_a-assert.o)
                                         0x3d (size before relaxing)
 .rodata._vfprintf_r.str1.1
                0x000000000800c72a       0x11 c:/st/stm32cubeide_1.7.0/stm32cubeide/plugins/com.st.stm32cube.ide.mcu.externaltools.gnu-tools-for-stm32.9-2020-q2-update.win32_2.0.0.202105311346/tools/bin/../lib/gcc/arm-none-eabi/9.3.1/../../../../arm-none-eabi/lib/thumb/v7e-m+fp/hard\libc_nano.a(lib_a-nano-vfprintf.o)
 .rodata._printf_i.str1.1
                0x000000000800c73b       0x22 c:/st/stm32cubeide_1.7.0/stm32cubeide/plugins/com.st.stm32cube.ide.mcu.externaltools.gnu-tools-for-stm32.9-2020-q2-update.win32_2.0.0.202105311346/tools/bin/../lib/gcc/arm-none-eabi/9.3.1/../../../../arm-none-eabi/lib/thumb/v7e-m+fp/hard\libc_nano.a(lib_a-nano-vfprintf_i.o)
 *fill*         0x000000000800c75d        0x3 
 .rodata.__sf_fake_stderr
                0x000000000800c760       0x20 c:/st/stm32cubeide_1.7.0/stm32cubeide/plugins/com.st.stm32cube.ide.mcu.externaltools.gnu-tools-for-stm32.9-2020-q2-update.win32_2.0.0.202105311346/tools/bin/../lib/gcc/arm-none-eabi/9.3.1/../../../../arm-none-eabi/lib/thumb/v7e-m+fp/hard\libc_nano.a(lib_a-findfp.o)
                0x000000000800c760                __sf_fake_stderr
 .rodata.__sf_fake_stdin
                0x000000000800c780       0x20 c:/st/stm32cubeide_1.7.0/stm32cubeide/plugins/com.st.stm32cube.ide.mcu.externaltools.gnu-tools-for-stm32.9-2020-q2-update.win32_2.0.0.202105311346/tools/bin/../lib/gcc/arm-none-eabi/9.3.1/../../../../arm-none-eabi/lib/thumb/v7e-m+fp/hard\libc_nano.a(lib_a-findfp.o)
                0x000000000800c780                __sf_fake_stdin
 .rodata.__sf_fake_stdout
                0x000000000800c7a0       0x20 c:/st/stm32cubeide_1.7.0/stm32cubeide/plugins/com.st.stm32cube.ide.mcu.externaltools.gnu-tools-for-stm32.9-2020-q2-update.win32_2.0.0.202105311346/tools/bin/../lib/gcc/arm-none-eabi/9.3.1/../../../../arm-none-eabi/lib/thumb/v7e-m+fp/hard\libc_nano.a(lib_a-findfp.o)
                0x000000000800c7a0                __sf_fake_stdout
                0x000000000800c7c0                . = ALIGN (0x4)

.ARM.extab      0x000000000800c7c0        0x0
                0x000000000800c7c0                . = ALIGN (0x4)
 *(.ARM.extab* .gnu.linkonce.armextab.*)
                0x000000000800c7c0                . = ALIGN (0x4)

.ARM            0x000000000800c7c0        0x8
                0x000000000800c7c0                . = ALIGN (0x4)
                0x000000000800c7c0                __exidx_start = .
 *(.ARM.exidx*)
 .ARM.exidx     0x000000000800c7c0        0x8 c:/st/stm32cubeide_1.7.0/stm32cubeide/plugins/com.st.stm32cube.ide.mcu.externaltools.gnu-tools-for-stm32.9-2020-q2-update.win32_2.0.0.202105311346/tools/bin/../lib/gcc/arm-none-eabi/9.3.1/thumb/v7e-m+fp/hard\libgcc.a(_udivmoddi4.o)
                0x000000000800c7c8                __exidx_end = .
                0x000000000800c7c8                . = ALIGN (0x4)

.rel.dyn        0x000000000800c7c8        0x0
 .rel.iplt      0x000000000800c7c8        0x0 c:/st/stm32cubeide_1.7.0/stm32cubeide/plugins/com.st.stm32cube.ide.mcu.externaltools.gnu-tools-for-stm32.9-2020-q2-update.win32_2.0.0.202105311346/tools/bin/../lib/gcc/arm-none-eabi/9.3.1/thumb/v7e-m+fp/hard/crtbegin.o

.preinit_array  0x000000000800c7c8        0x0
                0x000000000800c7c8                . = ALIGN (0x4)
                0x000000000800c7c8                PROVIDE (__preinit_array_start = .)
 *(.preinit_array*)
                0x000000000800c7c8                PROVIDE (__preinit_array_end = .)
                0x000000000800c7c8                . = ALIGN (0x4)

.init_array     0x000000000800c7c8        0x4
                0x000000000800c7c8                . = ALIGN (0x4)
                0x000000000800c7c8                PROVIDE (__init_array_start = .)
 *(SORT_BY_NAME(.init_array.*))
 *(.init_array*)
 .init_array    0x000000000800c7c8        0x4 c:/st/stm32cubeide_1.7.0/stm32cubeide/plugins/com.st.stm32cube.ide.mcu.externaltools.gnu-tools-for-stm32.9-2020-q2-update.win32_2.0.0.202105311346/tools/bin/../lib/gcc/arm-none-eabi/9.3.1/thumb/v7e-m+fp/hard/crtbegin.o
                0x000000000800c7cc                PROVIDE (__init_array_end = .)
                0x000000000800c7cc                . = ALIGN (0x4)

.fini_array     0x000000000800c7cc        0x4
                0x000000000800c7cc                . = ALIGN (0x4)
                [!provide]                        PROVIDE (__fini_array_start = .)
 *(SORT_BY_NAME(.fini_array.*))
 *(.fini_array*)
 .fini_array    0x000000000800c7cc        0x4 c:/st/stm32cubeide_1.7.0/stm32cubeide/plugins/com.st.stm32cube.ide.mcu.externaltools.gnu-tools-for-stm32.9-2020-q2-update.win32_2.0.0.202105311346/tools/bin/../lib/gcc/arm-none-eabi/9.3.1/thumb/v7e-m+fp/hard/crtbegin.o
                [!provide]                        PROVIDE (__fini_array_end = .)
                0x000000000800c7d0                . = ALIGN (0x4)
                0x000000000800c7d0                _sidata = LOADADDR (.data)

.data           0x0000000020000000       0xb8 load address 0x000000000800c7d0
                0x0000000020000000                . = ALIGN (0x4)
                0x0000000020000000                _sdata = .
 *(.data)
 *(.data*)
 .data.led7seg  0x0000000020000000        0x4 ./Core/Src/led_7seg.o
                0x0000000020000000                led7seg
 .data.spi_buffer
                0x0000000020000004        0x2 ./Core/Src/led_7seg.o
                0x0000000020000004                spi_buffer
 .data.fruitX   0x0000000020000006        0x1 ./Core/Src/main.o
                0x0000000020000006                fruitX
 .data.fruitY   0x0000000020000007        0x1 ./Core/Src/main.o
                0x0000000020000007                fruitY
 .data.direction
                0x0000000020000008        0x1 ./Core/Src/main.o
                0x0000000020000008                direction
 *fill*         0x0000000020000009        0x3 
 .data.SystemCoreClock
                0x000000002000000c        0x4 ./Core/Src/system_stm32f4xx.o
                0x000000002000000c                SystemCoreClock
 .data.tp_dev   0x0000000020000010       0x34 ./Core/Src/touch.o
                0x0000000020000010                tp_dev
 .data.CMD_RDX  0x0000000020000044        0x1 ./Core/Src/touch.o
                0x0000000020000044                CMD_RDX
 .data.CMD_RDY  0x0000000020000045        0x1 ./Core/Src/touch.o
                0x0000000020000045                CMD_RDY
 *fill*         0x0000000020000046        0x2 
 .data.uwTickPrio
                0x0000000020000048        0x4 ./Drivers/STM32F4xx_HAL_Driver/Src/stm32f4xx_hal.o
                0x0000000020000048                uwTickPrio
 .data.uwTickFreq
                0x000000002000004c        0x1 ./Drivers/STM32F4xx_HAL_Driver/Src/stm32f4xx_hal.o
                0x000000002000004c                uwTickFreq
 *fill*         0x000000002000004d        0x3 
 .data._impure_ptr
                0x0000000020000050        0x4 c:/st/stm32cubeide_1.7.0/stm32cubeide/plugins/com.st.stm32cube.ide.mcu.externaltools.gnu-tools-for-stm32.9-2020-q2-update.win32_2.0.0.202105311346/tools/bin/../lib/gcc/arm-none-eabi/9.3.1/../../../../arm-none-eabi/lib/thumb/v7e-m+fp/hard\libc_nano.a(lib_a-impure.o)
                0x0000000020000050                _impure_ptr
 .data.impure_data
                0x0000000020000054       0x60 c:/st/stm32cubeide_1.7.0/stm32cubeide/plugins/com.st.stm32cube.ide.mcu.externaltools.gnu-tools-for-stm32.9-2020-q2-update.win32_2.0.0.202105311346/tools/bin/../lib/gcc/arm-none-eabi/9.3.1/../../../../arm-none-eabi/lib/thumb/v7e-m+fp/hard\libc_nano.a(lib_a-impure.o)
 .data.__fdlib_version
                0x00000000200000b4        0x1 c:/st/stm32cubeide_1.7.0/stm32cubeide/plugins/com.st.stm32cube.ide.mcu.externaltools.gnu-tools-for-stm32.9-2020-q2-update.win32_2.0.0.202105311346/tools/bin/../lib/gcc/arm-none-eabi/9.3.1/../../../../arm-none-eabi/lib/thumb/v7e-m+fp/hard\libm.a(lib_a-s_lib_ver.o)
                0x00000000200000b4                __fdlib_version
 *(.RamFunc)
 *(.RamFunc*)
                0x00000000200000b8                . = ALIGN (0x4)
 *fill*         0x00000000200000b5        0x3 
                0x00000000200000b8                _edata = .
                0x000000000800c888                _siccmram = LOADADDR (.ccmram)

.igot.plt       0x00000000200000b8        0x0 load address 0x000000000800c888
 .igot.plt      0x00000000200000b8        0x0 c:/st/stm32cubeide_1.7.0/stm32cubeide/plugins/com.st.stm32cube.ide.mcu.externaltools.gnu-tools-for-stm32.9-2020-q2-update.win32_2.0.0.202105311346/tools/bin/../lib/gcc/arm-none-eabi/9.3.1/thumb/v7e-m+fp/hard/crtbegin.o

.ccmram         0x0000000010000000        0x0 load address 0x000000000800c888
                0x0000000010000000                . = ALIGN (0x4)
                0x0000000010000000                _sccmram = .
 *(.ccmram)
 *(.ccmram*)
                0x0000000010000000                . = ALIGN (0x4)
                0x0000000010000000                _eccmram = .
                0x0000000010000000                . = ALIGN (0x4)

.bss            0x00000000200000b8      0x49c
                0x00000000200000b8                _sbss = .
                0x00000000200000b8                __bss_start__ = _sbss
 *(.bss)
 .bss           0x00000000200000b8       0x1c c:/st/stm32cubeide_1.7.0/stm32cubeide/plugins/com.st.stm32cube.ide.mcu.externaltools.gnu-tools-for-stm32.9-2020-q2-update.win32_2.0.0.202105311346/tools/bin/../lib/gcc/arm-none-eabi/9.3.1/thumb/v7e-m+fp/hard/crtbegin.o
 *(.bss*)
 .bss.FSMC_Initialized
                0x00000000200000d4        0x4 ./Core/Src/fsmc.o
 .bss.led7_index
                0x00000000200000d8        0x4 ./Core/Src/led_7seg.o
                0x00000000200000d8                led7_index
 .bss.system_Status
                0x00000000200000dc        0x4 ./Core/Src/main.o
                0x00000000200000dc                system_Status
 .bss.head_x    0x00000000200000e0        0x1 ./Core/Src/main.o
                0x00000000200000e0                head_x
 .bss.head_y    0x00000000200000e1        0x1 ./Core/Src/main.o
                0x00000000200000e1                head_y
 .bss.tail_x    0x00000000200000e2        0x1 ./Core/Src/main.o
                0x00000000200000e2                tail_x
 .bss.tail_y    0x00000000200000e3        0x1 ./Core/Src/main.o
                0x00000000200000e3                tail_y
 .bss.arr       0x00000000200000e4      0x190 ./Core/Src/main.o
                0x00000000200000e4                arr
 .bss.count_move
                0x0000000020000274        0x1 ./Core/Src/main.o
                0x0000000020000274                count_move
 *fill*         0x0000000020000275        0x1 
 .bss.flag_timer2
                0x0000000020000276        0x2 ./Core/Src/software_timer.o
                0x0000000020000276                flag_timer2
 .bss.timer2_counter
                0x0000000020000278        0x2 ./Core/Src/software_timer.o
                0x0000000020000278                timer2_counter
 .bss.timer2_MUL
                0x000000002000027a        0x2 ./Core/Src/software_timer.o
                0x000000002000027a                timer2_MUL
 .bss.__sbrk_heap_end
                0x000000002000027c        0x4 ./Core/Src/sysmem.o
 .bss.__malloc_free_list
                0x0000000020000280        0x4 c:/st/stm32cubeide_1.7.0/stm32cubeide/plugins/com.st.stm32cube.ide.mcu.externaltools.gnu-tools-for-stm32.9-2020-q2-update.win32_2.0.0.202105311346/tools/bin/../lib/gcc/arm-none-eabi/9.3.1/../../../../arm-none-eabi/lib/thumb/v7e-m+fp/hard\libc_nano.a(lib_a-nano-mallocr.o)
                0x0000000020000280                __malloc_free_list
 .bss.__malloc_sbrk_start
                0x0000000020000284        0x4 c:/st/stm32cubeide_1.7.0/stm32cubeide/plugins/com.st.stm32cube.ide.mcu.externaltools.gnu-tools-for-stm32.9-2020-q2-update.win32_2.0.0.202105311346/tools/bin/../lib/gcc/arm-none-eabi/9.3.1/../../../../arm-none-eabi/lib/thumb/v7e-m+fp/hard\libc_nano.a(lib_a-nano-mallocr.o)
                0x0000000020000284                __malloc_sbrk_start
 *(COMMON)
 COMMON         0x0000000020000288       0xa8 ./Core/Src/adc.o
                0x0000000020000288                hadc1
                0x00000000200002d0                hdma_adc1
 COMMON         0x0000000020000330       0x50 ./Core/Src/fsmc.o
                0x0000000020000330                hsram1
 COMMON         0x0000000020000380       0x54 ./Core/Src/i2c.o
                0x0000000020000380                hi2c1
 COMMON         0x00000000200003d4       0x3a ./Core/Src/lcd.o
                0x00000000200003d4                lcddev
                0x00000000200003dc                s
 *fill*         0x000000002000040e        0x2 
 COMMON         0x0000000020000410       0x58 ./Core/Src/spi.o
                0x0000000020000410                hspi1
 COMMON         0x0000000020000468       0xd8 ./Core/Src/tim.o
                0x0000000020000468                htim13
                0x00000000200004b0                htim1
                0x00000000200004f8                htim2
 COMMON         0x0000000020000540        0x4 ./Drivers/STM32F4xx_HAL_Driver/Src/stm32f4xx_hal.o
                0x0000000020000540                uwTick
 COMMON         0x0000000020000544        0x4 c:/st/stm32cubeide_1.7.0/stm32cubeide/plugins/com.st.stm32cube.ide.mcu.externaltools.gnu-tools-for-stm32.9-2020-q2-update.win32_2.0.0.202105311346/tools/bin/../lib/gcc/arm-none-eabi/9.3.1/../../../../arm-none-eabi/lib/thumb/v7e-m+fp/hard\libc_nano.a(lib_a-reent.o)
                0x0000000020000544                errno
 COMMON         0x0000000020000548        0x9 c:/st/stm32cubeide_1.7.0/stm32cubeide/plugins/com.st.stm32cube.ide.mcu.externaltools.gnu-tools-for-stm32.9-2020-q2-update.win32_2.0.0.202105311346/tools/bin/../lib/gcc/arm-none-eabi/9.3.1/../../../../arm-none-eabi/lib/thumb/v7e-m+fp/hard\libc_nano.a(lib_a-lock.o)
                0x0000000020000548                __lock___atexit_recursive_mutex
                0x0000000020000549                __lock___arc4random_mutex
                0x000000002000054a                __lock___env_recursive_mutex
                0x000000002000054b                __lock___sinit_recursive_mutex
                0x000000002000054c                __lock___malloc_recursive_mutex
                0x000000002000054d                __lock___at_quick_exit_mutex
                0x000000002000054e                __lock___dd_hash_mutex
                0x000000002000054f                __lock___tz_mutex
                0x0000000020000550                __lock___sfp_recursive_mutex
                0x0000000020000554                . = ALIGN (0x4)
 *fill*         0x0000000020000551        0x3 
                0x0000000020000554                _ebss = .
                0x0000000020000554                __bss_end__ = _ebss

._user_heap_stack
                0x0000000020000554      0x604
                0x0000000020000558                . = ALIGN (0x8)
 *fill*         0x0000000020000554        0x4 
                [!provide]                        PROVIDE (end = .)
                0x0000000020000558                PROVIDE (_end = .)
                0x0000000020000758                . = (. + _Min_Heap_Size)
 *fill*         0x0000000020000558      0x200 
                0x0000000020000b58                . = (. + _Min_Stack_Size)
 *fill*         0x0000000020000758      0x400 
                0x0000000020000b58                . = ALIGN (0x8)

/DISCARD/
 libc.a(*)
 libm.a(*)
 libgcc.a(*)

.ARM.attributes
                0x0000000000000000       0x30
 *(.ARM.attributes)
 .ARM.attributes
                0x0000000000000000       0x1e c:/st/stm32cubeide_1.7.0/stm32cubeide/plugins/com.st.stm32cube.ide.mcu.externaltools.gnu-tools-for-stm32.9-2020-q2-update.win32_2.0.0.202105311346/tools/bin/../lib/gcc/arm-none-eabi/9.3.1/thumb/v7e-m+fp/hard/crti.o
 .ARM.attributes
                0x000000000000001e       0x34 c:/st/stm32cubeide_1.7.0/stm32cubeide/plugins/com.st.stm32cube.ide.mcu.externaltools.gnu-tools-for-stm32.9-2020-q2-update.win32_2.0.0.202105311346/tools/bin/../lib/gcc/arm-none-eabi/9.3.1/thumb/v7e-m+fp/hard/crtbegin.o
 .ARM.attributes
                0x0000000000000052       0x34 ./Core/Src/adc.o
 .ARM.attributes
                0x0000000000000086       0x34 ./Core/Src/at24c.o
 .ARM.attributes
                0x00000000000000ba       0x34 ./Core/Src/button.o
 .ARM.attributes
                0x00000000000000ee       0x34 ./Core/Src/dma.o
 .ARM.attributes
                0x0000000000000122       0x34 ./Core/Src/fsmc.o
 .ARM.attributes
                0x0000000000000156       0x34 ./Core/Src/gpio.o
 .ARM.attributes
                0x000000000000018a       0x34 ./Core/Src/i2c.o
 .ARM.attributes
                0x00000000000001be       0x34 ./Core/Src/lcd.o
 .ARM.attributes
                0x00000000000001f2       0x34 ./Core/Src/led_7seg.o
 .ARM.attributes
                0x0000000000000226       0x34 ./Core/Src/main.o
 .ARM.attributes
                0x000000000000025a       0x34 ./Core/Src/software_timer.o
 .ARM.attributes
                0x000000000000028e       0x34 ./Core/Src/spi.o
 .ARM.attributes
                0x00000000000002c2       0x34 ./Core/Src/stm32f4xx_hal_msp.o
 .ARM.attributes
                0x00000000000002f6       0x34 ./Core/Src/stm32f4xx_it.o
 .ARM.attributes
                0x000000000000032a       0x34 ./Core/Src/syscalls.o
 .ARM.attributes
                0x000000000000035e       0x34 ./Core/Src/sysmem.o
 .ARM.attributes
                0x0000000000000392       0x34 ./Core/Src/system_stm32f4xx.o
 .ARM.attributes
                0x00000000000003c6       0x34 ./Core/Src/tim.o
 .ARM.attributes
                0x00000000000003fa       0x34 ./Core/Src/touch.o
 .ARM.attributes
                0x000000000000042e       0x21 ./Core/Startup/startup_stm32f407zetx.o
 .ARM.attributes
                0x000000000000044f       0x34 ./Drivers/STM32F4xx_HAL_Driver/Src/stm32f4xx_hal.o
 .ARM.attributes
                0x0000000000000483       0x34 ./Drivers/STM32F4xx_HAL_Driver/Src/stm32f4xx_hal_adc.o
 .ARM.attributes
                0x00000000000004b7       0x34 ./Drivers/STM32F4xx_HAL_Driver/Src/stm32f4xx_hal_cortex.o
 .ARM.attributes
                0x00000000000004eb       0x34 ./Drivers/STM32F4xx_HAL_Driver/Src/stm32f4xx_hal_dma.o
 .ARM.attributes
                0x000000000000051f       0x34 ./Drivers/STM32F4xx_HAL_Driver/Src/stm32f4xx_hal_gpio.o
 .ARM.attributes
                0x0000000000000553       0x34 ./Drivers/STM32F4xx_HAL_Driver/Src/stm32f4xx_hal_i2c.o
 .ARM.attributes
                0x0000000000000587       0x34 ./Drivers/STM32F4xx_HAL_Driver/Src/stm32f4xx_hal_rcc.o
 .ARM.attributes
                0x00000000000005bb       0x34 ./Drivers/STM32F4xx_HAL_Driver/Src/stm32f4xx_hal_spi.o
 .ARM.attributes
                0x00000000000005ef       0x34 ./Drivers/STM32F4xx_HAL_Driver/Src/stm32f4xx_hal_sram.o
 .ARM.attributes
                0x0000000000000623       0x34 ./Drivers/STM32F4xx_HAL_Driver/Src/stm32f4xx_hal_tim.o
 .ARM.attributes
                0x0000000000000657       0x34 ./Drivers/STM32F4xx_HAL_Driver/Src/stm32f4xx_hal_tim_ex.o
 .ARM.attributes
                0x000000000000068b       0x34 ./Drivers/STM32F4xx_HAL_Driver/Src/stm32f4xx_ll_fsmc.o
 .ARM.attributes
                0x00000000000006bf       0x34 c:/st/stm32cubeide_1.7.0/stm32cubeide/plugins/com.st.stm32cube.ide.mcu.externaltools.gnu-tools-for-stm32.9-2020-q2-update.win32_2.0.0.202105311346/tools/bin/../lib/gcc/arm-none-eabi/9.3.1/../../../../arm-none-eabi/lib/thumb/v7e-m+fp/hard\libc_nano.a(lib_a-errno.o)
 .ARM.attributes
                0x00000000000006f3       0x32 c:/st/stm32cubeide_1.7.0/stm32cubeide/plugins/com.st.stm32cube.ide.mcu.externaltools.gnu-tools-for-stm32.9-2020-q2-update.win32_2.0.0.202105311346/tools/bin/../lib/gcc/arm-none-eabi/9.3.1/../../../../arm-none-eabi/lib/thumb/v7e-m+fp/hard\libc_nano.a(lib_a-impure.o)
 .ARM.attributes
                0x0000000000000725       0x34 c:/st/stm32cubeide_1.7.0/stm32cubeide/plugins/com.st.stm32cube.ide.mcu.externaltools.gnu-tools-for-stm32.9-2020-q2-update.win32_2.0.0.202105311346/tools/bin/../lib/gcc/arm-none-eabi/9.3.1/../../../../arm-none-eabi/lib/thumb/v7e-m+fp/hard\libc_nano.a(lib_a-init.o)
 .ARM.attributes
                0x0000000000000759       0x34 c:/st/stm32cubeide_1.7.0/stm32cubeide/plugins/com.st.stm32cube.ide.mcu.externaltools.gnu-tools-for-stm32.9-2020-q2-update.win32_2.0.0.202105311346/tools/bin/../lib/gcc/arm-none-eabi/9.3.1/../../../../arm-none-eabi/lib/thumb/v7e-m+fp/hard\libc_nano.a(lib_a-memset.o)
 .ARM.attributes
                0x000000000000078d       0x34 c:/st/stm32cubeide_1.7.0/stm32cubeide/plugins/com.st.stm32cube.ide.mcu.externaltools.gnu-tools-for-stm32.9-2020-q2-update.win32_2.0.0.202105311346/tools/bin/../lib/gcc/arm-none-eabi/9.3.1/../../../../arm-none-eabi/lib/thumb/v7e-m+fp/hard\libc_nano.a(lib_a-rand.o)
 .ARM.attributes
                0x00000000000007c1       0x34 c:/st/stm32cubeide_1.7.0/stm32cubeide/plugins/com.st.stm32cube.ide.mcu.externaltools.gnu-tools-for-stm32.9-2020-q2-update.win32_2.0.0.202105311346/tools/bin/../lib/gcc/arm-none-eabi/9.3.1/../../../../arm-none-eabi/lib/thumb/v7e-m+fp/hard\libc_nano.a(lib_a-time.o)
 .ARM.attributes
                0x00000000000007f5       0x34 c:/st/stm32cubeide_1.7.0/stm32cubeide/plugins/com.st.stm32cube.ide.mcu.externaltools.gnu-tools-for-stm32.9-2020-q2-update.win32_2.0.0.202105311346/tools/bin/../lib/gcc/arm-none-eabi/9.3.1/../../../../arm-none-eabi/lib/thumb/v7e-m+fp/hard\libc_nano.a(lib_a-assert.o)
 .ARM.attributes
                0x0000000000000829       0x34 c:/st/stm32cubeide_1.7.0/stm32cubeide/plugins/com.st.stm32cube.ide.mcu.externaltools.gnu-tools-for-stm32.9-2020-q2-update.win32_2.0.0.202105311346/tools/bin/../lib/gcc/arm-none-eabi/9.3.1/../../../../arm-none-eabi/lib/thumb/v7e-m+fp/hard\libc_nano.a(lib_a-fprintf.o)
 .ARM.attributes
                0x000000000000085d       0x34 c:/st/stm32cubeide_1.7.0/stm32cubeide/plugins/com.st.stm32cube.ide.mcu.externaltools.gnu-tools-for-stm32.9-2020-q2-update.win32_2.0.0.202105311346/tools/bin/../lib/gcc/arm-none-eabi/9.3.1/../../../../arm-none-eabi/lib/thumb/v7e-m+fp/hard\libc_nano.a(lib_a-gettimeofdayr.o)
 .ARM.attributes
                0x0000000000000891       0x34 c:/st/stm32cubeide_1.7.0/stm32cubeide/plugins/com.st.stm32cube.ide.mcu.externaltools.gnu-tools-for-stm32.9-2020-q2-update.win32_2.0.0.202105311346/tools/bin/../lib/gcc/arm-none-eabi/9.3.1/../../../../arm-none-eabi/lib/thumb/v7e-m+fp/hard\libc_nano.a(lib_a-malloc.o)
 .ARM.attributes
                0x00000000000008c5       0x34 c:/st/stm32cubeide_1.7.0/stm32cubeide/plugins/com.st.stm32cube.ide.mcu.externaltools.gnu-tools-for-stm32.9-2020-q2-update.win32_2.0.0.202105311346/tools/bin/../lib/gcc/arm-none-eabi/9.3.1/../../../../arm-none-eabi/lib/thumb/v7e-m+fp/hard\libc_nano.a(lib_a-nano-freer.o)
 .ARM.attributes