main.c:117:5:main	8	static
main.c:183:6:SystemClock_Config	88	static
main.c:224:6:system_init	8	static
main.c:233:6:test_LedDebug	8	static
main.c:259:6:snakeRun	8	static
main.c:330:9:isButtonClear	8	static
main.c:334:9:isButtonStart	8	static
main.c:338:9:isButtonUp	8	static
main.c:342:9:isButtonDown	8	static
main.c:346:9:isButtonLeft	8	static
main.c:350:9:isButtonRight	8	static
main.c:358:6:runSnake	32	static
main.c:438:6:displayFruit	24	static
main.c:443:6:eatCheck	8	static
main.c:454:6:headCheck	4	static
main.c:465:6:displayPlayingArea	24	static
main.c:485:6:displaySnake	8	static
main.c:496:6:Error_Handler	4	static,ignoring_inline_asm
